2026-04-07 22:36:24 INFO     log save at : log/twitter/FreqMOE_V3-v3-CL_1.log
2026-04-07 22:36:24 INFO     model save at: save/FreqMOE_V3-twitter-v3-CL-2026-04-07_22-36-24.pth
2026-04-07 22:36:27 INFO     Loaded 514 image tensors from dataset/twitter/img_name2tensor_only_resize.pkl.
2026-04-07 22:36:27 INFO     Use BMRTrainer.
2026-04-07 22:36:31 INFO     Finetune image/text encoders.
2026-04-07 22:36:31 INFO     [1] Model Hyper-Parameter ---------------------
2026-04-07 22:36:31 INFO     model: FreqMOE_V3
2026-04-07 22:36:31 INFO     model_type: GENERAL
2026-04-07 22:36:31 INFO     num_expert: 2
2026-04-07 22:36:31 INFO     n_layers: 2
2026-04-07 22:36:31 INFO     kernel_size: 11
2026-04-07 22:36:31 INFO     num_bands: 6
2026-04-07 22:36:31 INFO     freq_dropout_prob: 0.4
2026-04-07 22:36:31 INFO     lamda1: 0.1
2026-04-07 22:36:31 INFO     lamda2: 0.1
2026-04-07 22:36:31 INFO     [2] Experiment Hyper-Parameter ----------------
2026-04-07 22:36:31 INFO     [2-1] data hyper-parameter --------------------
2026-04-07 22:36:31 INFO     dataset: twitter
2026-04-07 22:36:31 INFO     item_id_pad: 0
2026-04-07 22:36:31 INFO     data_aug: False
2026-04-07 22:36:31 INFO     seq_filter_len: 0
2026-04-07 22:36:31 INFO     if_filter_target: False
2026-04-07 22:36:31 INFO     max_len: 50
2026-04-07 22:36:31 INFO     do_test_with_eval: False
2026-04-07 22:36:31 INFO     [2-2] pretraining hyper-parameter -------------
2026-04-07 22:36:31 INFO     do_pretraining: False
2026-04-07 22:36:31 INFO     pretraining_task: MISP
2026-04-07 22:36:31 INFO     pretraining_epoch: 10
2026-04-07 22:36:31 INFO     pretraining_batch: 512
2026-04-07 22:36:31 INFO     pretraining_lr: 0.001
2026-04-07 22:36:31 INFO     pretraining_l2: 0.0
2026-04-07 22:36:31 INFO     [2-3] training hyper-parameter ----------------
2026-04-07 22:36:31 INFO     epoch_num: 50
2026-04-07 22:36:31 INFO     train_batch: 24
2026-04-07 22:36:31 INFO     learning_rate: 5e-05
2026-04-07 22:36:31 INFO     l2: 0.01
2026-04-07 22:36:31 INFO     patience: 30
2026-04-07 22:36:31 INFO     device: cuda:0
2026-04-07 22:36:31 INFO     num_worker: 0
2026-04-07 22:36:31 INFO     seed: 2027
2026-04-07 22:36:31 INFO     [2-4] evaluation hyper-parameter --------------
2026-04-07 22:36:31 INFO     split_type: valid_and_test
2026-04-07 22:36:31 INFO     split_mode: PS
2026-04-07 22:36:31 INFO     eval_mode: full
2026-04-07 22:36:31 INFO     metric: ['acc', 'precision', 'recall', 'f1']
2026-04-07 22:36:31 INFO     k: [5, 10]
2026-04-07 22:36:31 INFO     valid_metric: acc
2026-04-07 22:36:31 INFO     eval_batch: 24
2026-04-07 22:36:31 INFO     mask_history: False
2026-04-07 22:36:31 INFO     test_device: cpu
2026-04-07 22:36:31 INFO     [2-5] save hyper-parameter --------------------
2026-04-07 22:36:31 INFO     log_save: log
2026-04-07 22:36:31 INFO     save: save
2026-04-07 22:36:31 INFO     model_saved: None
2026-04-07 22:36:31 INFO     [3] Data Statistic ----------------------------
2026-04-07 22:36:31 INFO     dataset: twitter
2026-04-07 22:36:31 INFO     event number: 40
2026-04-07 22:36:31 INFO     image number: 478
2026-04-07 22:36:31 INFO     total size: 15548 (fake:6755, real:8793)
2026-04-07 22:36:31 INFO     data without augmentation:
2026-04-07 22:36:31 INFO     train size: 13366(fake:5819, real:7547) eval size: 1091(fake:468, real:623) test size: 1091(fake:468, real:623)
2026-04-07 22:36:31 INFO     [1] Model Architecture ------------------------
2026-04-07 22:36:31 INFO     total parameters: 425313719
2026-04-07 22:36:31 INFO     FreqMOE_V3(
  (cross_entropy): CrossEntropyLoss()
  (image_model): MaskedAutoencoderViT(
    (patch_embed): PatchEmbed(
      (proj): Conv2d(3, 768, kernel_size=(16, 16), stride=(16, 16))
      (norm): Identity()
    )
    (blocks): ModuleList(
      (0-11): 12 x Block(
        (norm1): LayerNorm((768,), eps=1e-06, elementwise_affine=True)
        (attn): Attention(
          (qkv): Linear(in_features=768, out_features=2304, bias=True)
          (q_norm): Identity()
          (k_norm): Identity()
          (attn_drop): Dropout(p=0.0, inplace=False)
          (norm): Identity()
          (proj): Linear(in_features=768, out_features=768, bias=True)
          (proj_drop): Dropout(p=0.0, inplace=False)
        )
        (ls1): Identity()
        (drop_path1): Identity()
        (norm2): LayerNorm((768,), eps=1e-06, elementwise_affine=True)
        (mlp): Mlp(
          (fc1): Linear(in_features=768, out_features=3072, bias=True)
          (act): GELU(approximate='none')
          (drop1): Dropout(p=0.0, inplace=False)
          (norm): Identity()
          (fc2): Linear(in_features=3072, out_features=768, bias=True)
          (drop2): Dropout(p=0.0, inplace=False)
        )
        (ls2): Identity()
        (drop_path2): Identity()
      )
    )
    (norm): LayerNorm((768,), eps=1e-06, elementwise_affine=True)
    (decoder_embed): Linear(in_features=768, out_features=512, bias=True)
    (decoder_blocks): ModuleList(
      (0-7): 8 x Block(
        (norm1): LayerNorm((512,), eps=1e-06, elementwise_affine=True)
        (attn): Attention(
          (qkv): Linear(in_features=512, out_features=1536, bias=True)
          (q_norm): Identity()
          (k_norm): Identity()
          (attn_drop): Dropout(p=0.0, inplace=False)
          (norm): Identity()
          (proj): Linear(in_features=512, out_features=512, bias=True)
          (proj_drop): Dropout(p=0.0, inplace=False)
        )
        (ls1): Identity()
        (drop_path1): Identity()
        (norm2): LayerNorm((512,), eps=1e-06, elementwise_affine=True)
        (mlp): Mlp(
          (fc1): Linear(in_features=512, out_features=2048, bias=True)
          (act): GELU(approximate='none')
          (drop1): Dropout(p=0.0, inplace=False)
          (norm): Identity()
          (fc2): Linear(in_features=2048, out_features=512, bias=True)
          (drop2): Dropout(p=0.0, inplace=False)
        )
        (ls2): Identity()
        (drop_path2): Identity()
      )
    )
    (decoder_norm): LayerNorm((512,), eps=1e-06, elementwise_affine=True)
    (decoder_pred): Linear(in_features=512, out_features=768, bias=True)
  )
  (text_model): BertModel(
    (embeddings): BertEmbeddings(
      (word_embeddings): Embedding(30522, 768, padding_idx=0)
      (position_embeddings): Embedding(512, 768)
      (token_type_embeddings): Embedding(2, 768)
      (LayerNorm): LayerNorm((768,), eps=1e-12, elementwise_affine=True)
      (dropout): Dropout(p=0.1, inplace=False)
    )
    (encoder): BertEncoder(
      (layer): ModuleList(
        (0-11): 12 x BertLayer(
          (attention): BertAttention(
            (self): BertSdpaSelfAttention(
              (query): Linear(in_features=768, out_features=768, bias=True)
              (key): Linear(in_features=768, out_features=768, bias=True)
              (value): Linear(in_features=768, out_features=768, bias=True)
              (dropout): Dropout(p=0.1, inplace=False)
            )
            (output): BertSelfOutput(
              (dense): Linear(in_features=768, out_features=768, bias=True)
              (LayerNorm): LayerNorm((768,), eps=1e-12, elementwise_affine=True)
              (dropout): Dropout(p=0.1, inplace=False)
            )
          )
          (intermediate): BertIntermediate(
            (dense): Linear(in_features=768, out_features=3072, bias=True)
            (intermediate_act_fn): GELUActivation()
          )
          (output): BertOutput(
            (dense): Linear(in_features=3072, out_features=768, bias=True)
            (LayerNorm): LayerNorm((768,), eps=1e-12, elementwise_affine=True)
            (dropout): Dropout(p=0.1, inplace=False)
          )
        )
      )
    )
    (pooler): BertPooler(
      (dense): Linear(in_features=768, out_features=768, bias=True)
      (activation): Tanh()
    )
  )
  (text_attention): TokenAttention(
    (attention_layer): Sequential(
      (0): Linear(in_features=768, out_features=768, bias=True)
      (1): SiLU()
      (2): Linear(in_features=768, out_features=1, bias=True)
    )
  )
  (image_attention): TokenAttention(
    (attention_layer): Sequential(
      (0): Linear(in_features=768, out_features=768, bias=True)
      (1): SiLU()
      (2): Linear(in_features=768, out_features=1, bias=True)
    )
  )
  (mm_attention): TokenAttention(
    (attention_layer): Sequential(
      (0): Linear(in_features=768, out_features=768, bias=True)
      (1): SiLU()
      (2): Linear(in_features=768, out_features=1, bias=True)
    )
  )
  (text_experts): ModuleList(
    (0): GlobalFilterBlock(
      (gfm_encoder): GFMEncoder(
        (layer): ModuleList(
          (0-1): 2 x GFMLayer(
            (filterlayer): GFMFilterLayer(
              (out_dropout): Dropout(p=0.4, inplace=False)
              (LayerNorm): LayerNorm((768,), eps=1e-12, elementwise_affine=True)
              (freq_conv_encoder): Sequential(
                (0): Conv1d(768, 768, kernel_size=(11,), stride=(1,), padding=(5,), padding_mode=reflect)
                (1): BatchNorm1d(768, eps=1e-05, momentum=0.1, affine=True, track_running_stats=True)
              )
            )
            (intermediate): Intermediate(
              (dense_1): Linear(in_features=768, out_features=3072, bias=True)
              (dense_2): Linear(in_features=3072, out_features=768, bias=True)
              (LayerNorm): LayerNorm((768,), eps=1e-12, elementwise_affine=True)
              (dropout): Dropout(p=0.0, inplace=False)
            )
            (dropout): Dropout(p=0.0, inplace=False)
            (LayerNorm): LayerNorm((768,), eps=1e-12, elementwise_affine=True)
          )
        )
      )
      (freq_conv_encoder): Sequential(
        (0): Conv1d(768, 768, kernel_size=(11,), stride=(1,), padding=(5,), padding_mode=reflect)
        (1): BatchNorm1d(768, eps=1e-05, momentum=0.1, affine=True, track_running_stats=True)
      )
      (LayerNorm): LayerNorm((768,), eps=1e-12, elementwise_affine=True)
      (dropout): Dropout(p=0.0, inplace=False)
    )
    (1): LocalFilterBlock(
      (lfm_encoder): LFMEncoder(
        (layer): ModuleList(
          (0-1): 2 x LFMLayer(
            (filterlayer): LFMfilterLayer(
              (out_dropout): Dropout(p=0.4, inplace=False)
              (LayerNorm): LayerNorm((768,), eps=1e-12, elementwise_affine=True)
              (LFMgate): LFMGate(
                (gate): Sequential(
                  (0): Linear(in_features=1536, out_features=768, bias=True)
                  (1): LayerNorm((768,), eps=1e-05, elementwise_affine=True)
                  (2): GELU(approximate='none')
                  (3): Linear(in_features=768, out_features=384, bias=True)
                  (4): GELU(approximate='none')
                  (5): Linear(in_features=384, out_features=6, bias=True)
                )
              )
              (freq_conv_encoder): Sequential(
                (0): Conv1d(768, 768, kernel_size=(11,), stride=(1,), padding=(5,), padding_mode=reflect)
                (1): BatchNorm1d(768, eps=1e-05, momentum=0.1, affine=True, track_running_stats=True)
              )
            )
            (intermediate): Intermediate(
              (dense_1): Linear(in_features=768, out_features=3072, bias=True)
              (dense_2): Linear(in_features=3072, out_features=768, bias=True)
              (LayerNorm): LayerNorm((768,), eps=1e-12, elementwise_affine=True)
              (dropout): Dropout(p=0.0, inplace=False)
            )
          )
        )
      )
      (freq_conv_encoder): Sequential(
        (0): Conv1d(768, 768, kernel_size=(11,), stride=(1,), padding=(5,), padding_mode=reflect)
        (1): BatchNorm1d(768, eps=1e-05, momentum=0.1, affine=True, track_running_stats=True)
      )
      (LayerNorm): LayerNorm((768,), eps=1e-12, elementwise_affine=True)
      (dropout): Dropout(p=0.0, inplace=False)
    )
  )
  (image_experts): ModuleList(
    (0): GlobalFilterBlock(
      (gfm_encoder): GFMEncoder(
        (layer): ModuleList(
          (0-1): 2 x GFMLayer(
            (filterlayer): GFMFilterLayer(
              (out_dropout): Dropout(p=0.4, inplace=False)
              (LayerNorm): LayerNorm((768,), eps=1e-12, elementwise_affine=True)
              (freq_conv_encoder): Sequential(
                (0): Conv1d(768, 768, kernel_size=(11,), stride=(1,), padding=(5,), padding_mode=reflect)
                (1): BatchNorm1d(768, eps=1e-05, momentum=0.1, affine=True, track_running_stats=True)
              )
            )
            (intermediate): Intermediate(
              (dense_1): Linear(in_features=768, out_features=3072, bias=True)
              (dense_2): Linear(in_features=3072, out_features=768, bias=True)
              (LayerNorm): LayerNorm((768,), eps=1e-12, elementwise_affine=True)
              (dropout): Dropout(p=0.0, inplace=False)
            )
            (dropout): Dropout(p=0.0, inplace=False)
            (LayerNorm): LayerNorm((768,), eps=1e-12, elementwise_affine=True)
          )
        )
      )
      (freq_conv_encoder): Sequential(
        (0): Conv1d(768, 768, kernel_size=(11,), stride=(1,), padding=(5,), padding_mode=reflect)
        (1): BatchNorm1d(768, eps=1e-05, momentum=0.1, affine=True, track_running_stats=True)
      )
      (LayerNorm): LayerNorm((768,), eps=1e-12, elementwise_affine=True)
      (dropout): Dropout(p=0.0, inplace=False)
    )
    (1): LocalFilterBlock(
      (lfm_encoder): LFMEncoder(
        (layer): ModuleList(
          (0-1): 2 x LFMLayer(
            (filterlayer): LFMfilterLayer(
              (out_dropout): Dropout(p=0.4, inplace=False)
              (LayerNorm): LayerNorm((768,), eps=1e-12, elementwise_affine=True)
              (LFMgate): LFMGate(
                (gate): Sequential(
                  (0): Linear(in_features=1536, out_features=768, bias=True)
                  (1): LayerNorm((768,), eps=1e-05, elementwise_affine=True)
                  (2): GELU(approximate='none')
                  (3): Linear(in_features=768, out_features=384, bias=True)
                  (4): GELU(approximate='none')
                  (5): Linear(in_features=384, out_features=6, bias=True)
                )
              )
              (freq_conv_encoder): Sequential(
                (0): Conv1d(768, 768, kernel_size=(11,), stride=(1,), padding=(5,), padding_mode=reflect)
                (1): BatchNorm1d(768, eps=1e-05, momentum=0.1, affine=True, track_running_stats=True)
              )
            )
            (intermediate): Intermediate(
              (dense_1): Linear(in_features=768, out_features=3072, bias=True)
              (dense_2): Linear(in_features=3072, out_features=768, bias=True)
              (LayerNorm): LayerNorm((768,), eps=1e-12, elementwise_affine=True)
              (dropout): Dropout(p=0.0, inplace=False)
            )
          )
        )
      )
      (freq_conv_encoder): Sequential(
        (0): Conv1d(768, 768, kernel_size=(11,), stride=(1,), padding=(5,), padding_mode=reflect)
        (1): BatchNorm1d(768, eps=1e-05, momentum=0.1, affine=True, track_running_stats=True)
      )
      (LayerNorm): LayerNorm((768,), eps=1e-12, elementwise_affine=True)
      (dropout): Dropout(p=0.0, inplace=False)
    )
  )
  (mm_experts): ModuleList(
    (0): CrossModalGlobalFilterBlock(
      (gfm_encoder): CrossModalGFMEncoder(
        (layer): ModuleList(
          (0-1): 2 x CrossModalGFMLayer(
            (filterlayer): CM_GFMFilterLayer(
              (out_dropout): Dropout(p=0.4, inplace=False)
              (LayerNorm): LayerNorm((768,), eps=1e-12, elementwise_affine=True)
              (freq_conv_encoder): Sequential(
                (0): Conv1d(768, 768, kernel_size=(11,), stride=(1,), padding=(5,), padding_mode=reflect)
                (1): BatchNorm1d(768, eps=1e-05, momentum=0.1, affine=True, track_running_stats=True)
              )
            )
            (intermediate): Intermediate(
              (dense_1): Linear(in_features=768, out_features=3072, bias=True)
              (dense_2): Linear(in_features=3072, out_features=768, bias=True)
              (LayerNorm): LayerNorm((768,), eps=1e-12, elementwise_affine=True)
              (dropout): Dropout(p=0.0, inplace=False)
            )
            (dropout): Dropout(p=0.0, inplace=False)
            (LayerNorm): LayerNorm((768,), eps=1e-12, elementwise_affine=True)
          )
        )
      )
      (freq_conv_encoder): Sequential(
        (0): Conv1d(768, 768, kernel_size=(11,), stride=(1,), padding=(5,), padding_mode=reflect)
        (1): BatchNorm1d(768, eps=1e-05, momentum=0.1, affine=True, track_running_stats=True)
      )
      (LayerNorm): LayerNorm((768,), eps=1e-12, elementwise_affine=True)
      (dropout): Dropout(p=0.0, inplace=False)
    )
    (1): CrossModalLocalFilterBlock(
      (lfm_encoder): CrossModalLFMEncoder(
        (layer): ModuleList(
          (0-1): 2 x CrossModalLFMLayer(
            (filterlayer): CM_LFMfilterLayer(
              (out_dropout): Dropout(p=0.4, inplace=False)
              (LayerNorm): LayerNorm((768,), eps=1e-12, elementwise_affine=True)
              (LFMgate): LFMGate(
                (gate): Sequential(
                  (0): Linear(in_features=1536, out_features=768, bias=True)
                  (1): LayerNorm((768,), eps=1e-05, elementwise_affine=True)
                  (2): GELU(approximate='none')
                  (3): Linear(in_features=768, out_features=384, bias=True)
                  (4): GELU(approximate='none')
                  (5): Linear(in_features=384, out_features=6, bias=True)
                )
              )
              (freq_conv_encoder): Sequential(
                (0): Conv1d(768, 768, kernel_size=(11,), stride=(1,), padding=(5,), padding_mode=reflect)
                (1): BatchNorm1d(768, eps=1e-05, momentum=0.1, affine=True, track_running_stats=True)
              )
            )
            (intermediate): Intermediate(
              (dense_1): Linear(in_features=768, out_features=3072, bias=True)
              (dense_2): Linear(in_features=3072, out_features=768, bias=True)
              (LayerNorm): LayerNorm((768,), eps=1e-12, elementwise_affine=True)
              (dropout): Dropout(p=0.0, inplace=False)
            )
          )
        )
      )
      (freq_conv_encoder): Sequential(
        (0): Conv1d(768, 768, kernel_size=(11,), stride=(1,), padding=(5,), padding_mode=reflect)
        (1): BatchNorm1d(768, eps=1e-05, momentum=0.1, affine=True, track_running_stats=True)
      )
      (LayerNorm): LayerNorm((768,), eps=1e-12, elementwise_affine=True)
      (dropout): Dropout(p=0.0, inplace=False)
    )
  )
  (image_gate_mae): Sequential(
    (0): Linear(in_features=768, out_features=768, bias=True)
    (1): SiLU()
    (2): Linear(in_features=768, out_features=2, bias=True)
  )
  (text_gate): Sequential(
    (0): Linear(in_features=768, out_features=768, bias=True)
    (1): SiLU()
    (2): Linear(in_features=768, out_features=2, bias=True)
  )
  (mm_gate): Sequential(
    (0): Linear(in_features=768, out_features=768, bias=True)
    (1): SiLU()
    (2): Linear(in_features=768, out_features=2, bias=True)
  )
  (final_attention): ModuleList(
    (0): TokenAttention(
      (attention_layer): Sequential(
        (0): Linear(in_features=768, out_features=768, bias=True)
        (1): SiLU()
        (2): Linear(in_features=768, out_features=1, bias=True)
      )
    )
  )
  (fusion_SE_network_main_task): ModuleList(
    (0): Sequential(
      (0): Linear(in_features=768, out_features=768, bias=True)
      (1): SiLU()
      (2): Linear(in_features=768, out_features=2, bias=True)
    )
  )
  (mix_classifier): Sequential(
    (0): Linear(in_features=64, out_features=1, bias=True)
  )
  (mix_trim): Sequential(
    (0): Linear(in_features=768, out_features=64, bias=True)
    (1): SiLU()
  )
  (text_trim): Sequential(
    (0): Linear(in_features=768, out_features=64, bias=True)
    (1): SiLU()
  )
  (text_alone_classifier): Sequential(
    (0): Linear(in_features=64, out_features=1, bias=True)
  )
  (image_trim): Sequential(
    (0): Linear(in_features=768, out_features=64, bias=True)
    (1): SiLU()
  )
  (image_alone_classifier): Sequential(
    (0): Linear(in_features=64, out_features=1, bias=True)
  )
  (mapping_IS_MLP_mu): Sequential(
    (0): Linear(in_features=1, out_features=768, bias=True)
    (1): SiLU()
    (2): Linear(in_features=768, out_features=1, bias=True)
  )
  (mapping_IS_MLP_sigma): Sequential(
    (0): Linear(in_features=1, out_features=768, bias=True)
    (1): SiLU()
    (2): Linear(in_features=768, out_features=1, bias=True)
  )
  (mapping_T_MLP_mu): Sequential(
    (0): Linear(in_features=1, out_features=768, bias=True)
    (1): SiLU()
    (2): Linear(in_features=768, out_features=1, bias=True)
  )
  (mapping_T_MLP_sigma): Sequential(
    (0): Linear(in_features=1, out_features=768, bias=True)
    (1): SiLU()
    (2): Linear(in_features=768, out_features=1, bias=True)
  )
  (adaIN): AdaIN()
  (final_fusing_experts): ModuleList(
    (0): ModuleList(
      (0-1): 2 x ModuleList(
        (0): Block(
          (norm1): LayerNorm((768,), eps=1e-06, elementwise_affine=True)
          (attn): Attention(
            (qkv): Linear(in_features=768, out_features=2304, bias=False)
            (q_norm): Identity()
            (k_norm): Identity()
            (attn_drop): Dropout(p=0.0, inplace=False)
            (norm): Identity()
            (proj): Linear(in_features=768, out_features=768, bias=True)
            (proj_drop): Dropout(p=0.0, inplace=False)
          )
          (ls1): Identity()
          (drop_path1): Identity()
          (norm2): LayerNorm((768,), eps=1e-06, elementwise_affine=True)
          (mlp): Mlp(
            (fc1): Linear(in_features=768, out_features=3072, bias=True)
            (act): GELU(approximate='none')
            (drop1): Dropout(p=0.0, inplace=False)
            (norm): Identity()
            (fc2): Linear(in_features=3072, out_features=768, bias=True)
            (drop2): Dropout(p=0.0, inplace=False)
          )
          (ls2): Identity()
          (drop_path2): Identity()
        )
      )
    )
  )
  (criterion): BCEWithLogitsLoss()
  (specialization_loss): TripletMarginLoss()
  (alignment_loss): InfoNCELoss(
    (criterion): CrossEntropyLoss()
  )
)
2026-04-07 22:36:31 INFO     Start training...
2026-04-07 22:42:37 INFO     ----------------------------------------------------Epoch 1----------------------------------------------------
2026-04-07 22:42:37 INFO     Memory Usage: Total: 95.59 GB	Used: 12.01 GB	Free: 83.58 GB
2026-04-07 22:42:37 INFO     Training Time :[365.7 s]	Training Loss = 6.0290
2026-04-07 22:43:02 INFO     Best threshold: 0.38
2026-04-07 22:43:02 INFO                   precision    recall  f1-score   support

           0     0.7589    0.5811    0.6582       623
           1     0.5749    0.7543    0.6525       468

    accuracy                         0.6554      1091
   macro avg     0.6669    0.6677    0.6553      1091
weighted avg     0.6800    0.6554    0.6557      1091

2026-04-07 22:43:02 INFO     Evaluation Time:[25.2 s]	  Eval Loss   = 4.6187
2026-04-07 22:43:02 INFO     acc:0.6554	precision:0.6669	recall:0.6677	f1:0.6553	
2026-04-07 22:48:54 INFO     ----------------------------------------------------Epoch 2----------------------------------------------------
2026-04-07 22:48:54 INFO     Memory Usage: Total: 95.59 GB	Used: 29.74 GB	Free: 65.86 GB
2026-04-07 22:48:54 INFO     Training Time :[350.6 s]	Training Loss = 0.9355
2026-04-07 22:49:19 INFO     Best threshold: 0.88
2026-04-07 22:49:19 INFO                   precision    recall  f1-score   support

           0     0.6205    0.9502    0.7508       623
           1     0.7737    0.2265    0.3504       468

    accuracy                         0.6398      1091
   macro avg     0.6971    0.5884    0.5506      1091
weighted avg     0.6863    0.6398    0.5790      1091

2026-04-07 22:49:19 INFO     Evaluation Time:[24.7 s]	  Eval Loss   = 4.8057
2026-04-07 22:49:19 INFO     acc:0.6398	precision:0.6971	recall:0.5884	f1:0.5506	
2026-04-07 22:49:19 INFO     EarlyStopping Counter: 1 out of 30. Best at epoch 1. Best acc: 0.6554
2026-04-07 22:56:36 INFO     ----------------------------------------------------Epoch 3----------------------------------------------------
2026-04-07 22:56:36 INFO     Memory Usage: Total: 95.59 GB	Used: 83.0 GB	Free: 12.59 GB
2026-04-07 22:56:36 INFO     Training Time :[437.3 s]	Training Loss = 0.7536
2026-04-07 22:57:12 INFO     Best threshold: 0.99
2026-04-07 22:57:12 INFO                   precision    recall  f1-score   support

           0     0.6227    0.8796    0.7292       623
           1     0.6445    0.2906    0.4006       468

    accuracy                         0.6269      1091
   macro avg     0.6336    0.5851    0.5649      1091
weighted avg     0.6321    0.6269    0.5882      1091

2026-04-07 22:57:12 INFO     Evaluation Time:[36.3 s]	  Eval Loss   = 4.6327
2026-04-07 22:57:12 INFO     acc:0.6269	precision:0.6336	recall:0.5851	f1:0.5649	
2026-04-07 22:57:12 INFO     EarlyStopping Counter: 2 out of 30. Best at epoch 1. Best acc: 0.6554
2026-04-07 23:04:52 INFO     ----------------------------------------------------Epoch 4----------------------------------------------------
2026-04-07 23:04:52 INFO     Memory Usage: Total: 95.59 GB	Used: 83.0 GB	Free: 12.59 GB
2026-04-07 23:04:52 INFO     Training Time :[459.7 s]	Training Loss = 0.8689
2026-04-07 23:05:25 INFO     Best threshold: 0.42
2026-04-07 23:05:25 INFO                   precision    recall  f1-score   support

           0     0.8498    0.4270    0.5684       623
           1     0.5411    0.8996    0.6758       468

    accuracy                         0.6297      1091
   macro avg     0.6955    0.6633    0.6221      1091
weighted avg     0.7174    0.6297    0.6144      1091

2026-04-07 23:05:25 INFO     Evaluation Time:[33.0 s]	  Eval Loss   = 8.7914
2026-04-07 23:05:25 INFO     acc:0.6297	precision:0.6955	recall:0.6633	f1:0.6221	
2026-04-07 23:05:25 INFO     EarlyStopping Counter: 3 out of 30. Best at epoch 1. Best acc: 0.6554
2026-04-07 23:12:56 INFO     ----------------------------------------------------Epoch 5----------------------------------------------------
2026-04-07 23:12:56 INFO     Memory Usage: Total: 95.59 GB	Used: 83.0 GB	Free: 12.59 GB
2026-04-07 23:12:56 INFO     Training Time :[450.5 s]	Training Loss = 1.3940
2026-04-07 23:13:30 INFO     Best threshold: 0.55
2026-04-07 23:13:30 INFO                   precision    recall  f1-score   support

           0     0.8743    0.5361    0.6647       623
           1     0.5924    0.8974    0.7137       468

    accuracy                         0.6911      1091
   macro avg     0.7334    0.7168    0.6892      1091
weighted avg     0.7534    0.6911    0.6857      1091

2026-04-07 23:13:30 INFO     Evaluation Time:[34.6 s]	  Eval Loss   = 5.4743
2026-04-07 23:13:30 INFO     acc:0.6911	precision:0.7334	recall:0.7168	f1:0.6892	
2026-04-07 23:21:18 INFO     ----------------------------------------------------Epoch 6----------------------------------------------------
2026-04-07 23:21:18 INFO     Memory Usage: Total: 95.59 GB	Used: 38.4 GB	Free: 57.2 GB
2026-04-07 23:21:18 INFO     Training Time :[452.3 s]	Training Loss = 0.5460
2026-04-07 23:21:50 INFO     Best threshold: 0.21
2026-04-07 23:21:50 INFO                   precision    recall  f1-score   support

           0     0.6811    0.8604    0.7603       623
           1     0.7138    0.4637    0.5622       468

    accuracy                         0.6902      1091
   macro avg     0.6974    0.6620    0.6612      1091
weighted avg     0.6951    0.6902    0.6753      1091

2026-04-07 23:21:50 INFO     Evaluation Time:[32.0 s]	  Eval Loss   = 5.7809
2026-04-07 23:21:50 INFO     acc:0.6902	precision:0.6974	recall:0.6620	f1:0.6612	
2026-04-07 23:21:50 INFO     EarlyStopping Counter: 1 out of 30. Best at epoch 5. Best acc: 0.6911
2026-04-07 23:29:20 INFO     ----------------------------------------------------Epoch 7----------------------------------------------------
2026-04-07 23:29:20 INFO     Memory Usage: Total: 95.59 GB	Used: 38.4 GB	Free: 57.2 GB
2026-04-07 23:29:20 INFO     Training Time :[450.2 s]	Training Loss = 0.5904
2026-04-07 23:29:55 INFO     Best threshold: 0.17
2026-04-07 23:29:55 INFO                   precision    recall  f1-score   support

           0     0.6893    0.8620    0.7660       623
           1     0.7244    0.4829    0.5795       468

    accuracy                         0.6994      1091
   macro avg     0.7069    0.6724    0.6728      1091
weighted avg     0.7044    0.6994    0.6860      1091

2026-04-07 23:29:55 INFO     Evaluation Time:[34.7 s]	  Eval Loss   = 4.9426
2026-04-07 23:29:55 INFO     acc:0.6994	precision:0.7069	recall:0.6724	f1:0.6728	
2026-04-07 23:37:42 INFO     ----------------------------------------------------Epoch 8----------------------------------------------------
2026-04-07 23:37:42 INFO     Memory Usage: Total: 95.59 GB	Used: 38.4 GB	Free: 57.2 GB
2026-04-07 23:37:42 INFO     Training Time :[452.1 s]	Training Loss = 0.4157
2026-04-07 23:38:17 INFO     Best threshold: 0.3
2026-04-07 23:38:17 INFO                   precision    recall  f1-score   support

           0     0.7222    0.8138    0.7653       623
           1     0.7018    0.5833    0.6371       468

    accuracy                         0.7149      1091
   macro avg     0.7120    0.6986    0.7012      1091
weighted avg     0.7135    0.7149    0.7103      1091

2026-04-07 23:38:17 INFO     Evaluation Time:[35.0 s]	  Eval Loss   = 3.5978
2026-04-07 23:38:17 INFO     acc:0.7149	precision:0.7120	recall:0.6986	f1:0.7012	
2026-04-07 23:45:50 INFO     ----------------------------------------------------Epoch 9----------------------------------------------------
2026-04-07 23:45:50 INFO     Memory Usage: Total: 95.59 GB	Used: 35.43 GB	Free: 60.16 GB
2026-04-07 23:45:50 INFO     Training Time :[436.8 s]	Training Loss = 1.4129
2026-04-07 23:46:19 INFO     Best threshold: 0.34
2026-04-07 23:46:19 INFO                   precision    recall  f1-score   support

           0     0.8315    0.5939    0.6929       623
           1     0.6084    0.8397    0.7056       468

    accuracy                         0.6994      1091
   macro avg     0.7199    0.7168    0.6992      1091
weighted avg     0.7358    0.6994    0.6983      1091

2026-04-07 23:46:19 INFO     Evaluation Time:[29.8 s]	  Eval Loss   = 20.7241
2026-04-07 23:46:19 INFO     acc:0.6994	precision:0.7199	recall:0.7168	f1:0.6992	
2026-04-07 23:46:19 INFO     EarlyStopping Counter: 1 out of 30. Best at epoch 8. Best acc: 0.7149
2026-04-07 23:52:39 INFO     ----------------------------------------------------Epoch 10----------------------------------------------------
2026-04-07 23:52:39 INFO     Memory Usage: Total: 95.59 GB	Used: 32.46 GB	Free: 63.13 GB
2026-04-07 23:52:39 INFO     Training Time :[379.8 s]	Training Loss = 1.6931
2026-04-07 23:53:12 INFO     Best threshold: 0.01
2026-04-07 23:53:12 INFO                   precision    recall  f1-score   support

           0     0.6866    0.5522    0.6121       623
           1     0.5271    0.6645    0.5879       468

    accuracy                         0.6004      1091
   macro avg     0.6069    0.6083    0.6000      1091
weighted avg     0.6182    0.6004    0.6017      1091

2026-04-07 23:53:12 INFO     Evaluation Time:[32.3 s]	  Eval Loss   = 1337.1056
2026-04-07 23:53:12 INFO     acc:0.6004	precision:0.6069	recall:0.6083	f1:0.6000	
2026-04-07 23:53:12 INFO     EarlyStopping Counter: 2 out of 30. Best at epoch 8. Best acc: 0.7149
2026-04-07 23:59:39 INFO     ----------------------------------------------------Epoch 11----------------------------------------------------
2026-04-07 23:59:39 INFO     Memory Usage: Total: 95.59 GB	Used: 33.95 GB	Free: 61.65 GB
2026-04-07 23:59:39 INFO     Training Time :[387.5 s]	Training Loss = 0.8792
2026-04-08 00:00:11 INFO     Best threshold: 0.97
2026-04-08 00:00:11 INFO                   precision    recall  f1-score   support

           0     0.6988    0.6517    0.6744       623
           1     0.5745    0.6261    0.5992       468

    accuracy                         0.6407      1091
   macro avg     0.6367    0.6389    0.6368      1091
weighted avg     0.6455    0.6407    0.6421      1091

2026-04-08 00:00:11 INFO     Evaluation Time:[31.9 s]	  Eval Loss   = 3.8789
2026-04-08 00:00:11 INFO     acc:0.6407	precision:0.6367	recall:0.6389	f1:0.6368	
2026-04-08 00:00:11 INFO     EarlyStopping Counter: 3 out of 30. Best at epoch 8. Best acc: 0.7149
2026-04-08 00:06:37 INFO     ----------------------------------------------------Epoch 12----------------------------------------------------
2026-04-08 00:06:37 INFO     Memory Usage: Total: 95.59 GB	Used: 33.95 GB	Free: 61.65 GB
2026-04-08 00:06:37 INFO     Training Time :[386.2 s]	Training Loss = 0.4137
2026-04-08 00:07:09 INFO     Best threshold: 0.01
2026-04-08 00:07:09 INFO                   precision    recall  f1-score   support

           0     0.6662    0.7785    0.7180       623
           1     0.6198    0.4808    0.5415       468

    accuracy                         0.6508      1091
   macro avg     0.6430    0.6296    0.6298      1091
weighted avg     0.6463    0.6508    0.6423      1091

2026-04-08 00:07:09 INFO     Evaluation Time:[31.8 s]	  Eval Loss   = 22.579
2026-04-08 00:07:09 INFO     acc:0.6508	precision:0.6430	recall:0.6296	f1:0.6298	
2026-04-08 00:07:09 INFO     EarlyStopping Counter: 4 out of 30. Best at epoch 8. Best acc: 0.7149
2026-04-08 00:13:33 INFO     ----------------------------------------------------Epoch 13----------------------------------------------------
2026-04-08 00:13:33 INFO     Memory Usage: Total: 95.59 GB	Used: 33.95 GB	Free: 61.65 GB
2026-04-08 00:13:33 INFO     Training Time :[384.1 s]	Training Loss = 0.3173
2026-04-08 00:14:05 INFO     Best threshold: 0.01
2026-04-08 00:14:05 INFO                   precision    recall  f1-score   support

           0     0.6930    0.8299    0.7553       623
           1     0.6928    0.5107    0.5879       468

    accuracy                         0.6929      1091
   macro avg     0.6929    0.6703    0.6716      1091
weighted avg     0.6929    0.6929    0.6835      1091

2026-04-08 00:14:05 INFO     Evaluation Time:[32.4 s]	  Eval Loss   = 15.5664
2026-04-08 00:14:05 INFO     acc:0.6929	precision:0.6929	recall:0.6703	f1:0.6716	
2026-04-08 00:14:05 INFO     EarlyStopping Counter: 5 out of 30. Best at epoch 8. Best acc: 0.7149
2026-04-08 00:20:30 INFO     ----------------------------------------------------Epoch 14----------------------------------------------------
2026-04-08 00:20:30 INFO     Memory Usage: Total: 95.59 GB	Used: 33.95 GB	Free: 61.65 GB
2026-04-08 00:20:30 INFO     Training Time :[384.1 s]	Training Loss = 0.2183
2026-04-08 00:21:01 INFO     Best threshold: 0.7000000000000001
2026-04-08 00:21:01 INFO                   precision    recall  f1-score   support

           0     0.6967    0.7705    0.7317       623
           1     0.6443    0.5534    0.5954       468

    accuracy                         0.6774      1091
   macro avg     0.6705    0.6619    0.6636      1091
weighted avg     0.6742    0.6774    0.6732      1091

2026-04-08 00:21:01 INFO     Evaluation Time:[31.6 s]	  Eval Loss   = 3.7933
2026-04-08 00:21:01 INFO     acc:0.6774	precision:0.6705	recall:0.6619	f1:0.6636	
2026-04-08 00:21:01 INFO     EarlyStopping Counter: 6 out of 30. Best at epoch 8. Best acc: 0.7149
2026-04-08 00:27:31 INFO     ----------------------------------------------------Epoch 15----------------------------------------------------
2026-04-08 00:27:31 INFO     Memory Usage: Total: 95.59 GB	Used: 33.95 GB	Free: 61.65 GB
2026-04-08 00:27:31 INFO     Training Time :[389.8 s]	Training Loss = 0.1694
2026-04-08 00:28:04 INFO     Best threshold: 1.0
2026-04-08 00:28:04 INFO                   precision    recall  f1-score   support

           0     0.6926    0.9294    0.7937       623
           1     0.8275    0.4509    0.5837       468

    accuracy                         0.7241      1091
   macro avg     0.7600    0.6901    0.6887      1091
weighted avg     0.7504    0.7241    0.7036      1091

2026-04-08 00:28:04 INFO     Evaluation Time:[32.6 s]	  Eval Loss   = 5.1323
2026-04-08 00:28:04 INFO     acc:0.7241	precision:0.7600	recall:0.6901	f1:0.6887	
2026-04-08 00:34:47 INFO     ----------------------------------------------------Epoch 16----------------------------------------------------
2026-04-08 00:34:47 INFO     Memory Usage: Total: 95.59 GB	Used: 33.95 GB	Free: 61.65 GB
2026-04-08 00:34:47 INFO     Training Time :[387.7 s]	Training Loss = 0.1137
2026-04-08 00:35:18 INFO     Best threshold: 1.0
2026-04-08 00:35:18 INFO                   precision    recall  f1-score   support

           0     0.6640    0.9422    0.7790       623
           1     0.8261    0.3654    0.5067       468

    accuracy                         0.6948      1091
   macro avg     0.7451    0.6538    0.6428      1091
weighted avg     0.7335    0.6948    0.6622      1091

2026-04-08 00:35:18 INFO     Evaluation Time:[31.5 s]	  Eval Loss   = 5.1261
2026-04-08 00:35:18 INFO     acc:0.6948	precision:0.7451	recall:0.6538	f1:0.6428	
2026-04-08 00:35:18 INFO     EarlyStopping Counter: 1 out of 30. Best at epoch 15. Best acc: 0.7241
2026-04-08 00:41:46 INFO     ----------------------------------------------------Epoch 17----------------------------------------------------
2026-04-08 00:41:46 INFO     Memory Usage: Total: 95.59 GB	Used: 33.95 GB	Free: 61.65 GB
2026-04-08 00:41:46 INFO     Training Time :[388.2 s]	Training Loss = 0.0938
2026-04-08 00:42:18 INFO     Best threshold: 0.68
2026-04-08 00:42:18 INFO                   precision    recall  f1-score   support

           0     0.7595    0.6083    0.6756       623
           1     0.5878    0.7436    0.6566       468

    accuracy                         0.6664      1091
   macro avg     0.6737    0.6760    0.6661      1091
weighted avg     0.6859    0.6664    0.6674      1091

2026-04-08 00:42:18 INFO     Evaluation Time:[32.0 s]	  Eval Loss   = 5.9165
2026-04-08 00:42:18 INFO     acc:0.6664	precision:0.6737	recall:0.6760	f1:0.6661	
2026-04-08 00:42:18 INFO     EarlyStopping Counter: 2 out of 30. Best at epoch 15. Best acc: 0.7241
2026-04-08 00:48:46 INFO     ----------------------------------------------------Epoch 18----------------------------------------------------
2026-04-08 00:48:46 INFO     Memory Usage: Total: 95.59 GB	Used: 33.95 GB	Free: 61.65 GB
2026-04-08 00:48:46 INFO     Training Time :[387.2 s]	Training Loss = 0.0832
2026-04-08 00:49:18 INFO     Best threshold: 0.62
2026-04-08 00:49:18 INFO                   precision    recall  f1-score   support

           0     0.8113    0.6902    0.7459       623
           1     0.6560    0.7863    0.7153       468

    accuracy                         0.7314      1091
   macro avg     0.7336    0.7383    0.7306      1091
weighted avg     0.7447    0.7314    0.7327      1091

2026-04-08 00:49:18 INFO     Evaluation Time:[32.5 s]	  Eval Loss   = 4.5341
2026-04-08 00:49:18 INFO     acc:0.7314	precision:0.7336	recall:0.7383	f1:0.7306	
2026-04-08 00:56:02 INFO     ----------------------------------------------------Epoch 19----------------------------------------------------
2026-04-08 00:56:02 INFO     Memory Usage: Total: 95.59 GB	Used: 33.95 GB	Free: 61.64 GB
2026-04-08 00:56:02 INFO     Training Time :[389.2 s]	Training Loss = 1.8846
2026-04-08 00:56:35 INFO     Best threshold: 1.0
2026-04-08 00:56:35 INFO                   precision    recall  f1-score   support

           0     0.7558    0.3130    0.4427       623
           1     0.4862    0.8654    0.6226       468

    accuracy                         0.5500      1091
   macro avg     0.6210    0.5892    0.5326      1091
weighted avg     0.6402    0.5500    0.5199      1091

2026-04-08 00:56:35 INFO     Evaluation Time:[32.7 s]	  Eval Loss   = 64.1593
2026-04-08 00:56:35 INFO     acc:0.5500	precision:0.6210	recall:0.5892	f1:0.5326	
2026-04-08 00:56:35 INFO     EarlyStopping Counter: 1 out of 30. Best at epoch 18. Best acc: 0.7314
2026-04-08 01:03:04 INFO     ----------------------------------------------------Epoch 20----------------------------------------------------
2026-04-08 01:03:04 INFO     Memory Usage: Total: 95.59 GB	Used: 33.95 GB	Free: 61.64 GB
2026-04-08 01:03:04 INFO     Training Time :[388.8 s]	Training Loss = 0.0744
2026-04-08 01:03:36 INFO     Best threshold: 0.02
2026-04-08 01:03:36 INFO                   precision    recall  f1-score   support

           0     0.7707    0.7335    0.7516       623
           1     0.6667    0.7094    0.6874       468

    accuracy                         0.7232      1091
   macro avg     0.7187    0.7215    0.7195      1091
weighted avg     0.7260    0.7232    0.7241      1091

2026-04-08 01:03:36 INFO     Evaluation Time:[31.8 s]	  Eval Loss   = 44.8455
2026-04-08 01:03:36 INFO     acc:0.7232	precision:0.7187	recall:0.7215	f1:0.7195	
2026-04-08 01:03:36 INFO     EarlyStopping Counter: 2 out of 30. Best at epoch 18. Best acc: 0.7314
2026-04-08 01:10:03 INFO     ----------------------------------------------------Epoch 21----------------------------------------------------
2026-04-08 01:10:03 INFO     Memory Usage: Total: 95.59 GB	Used: 33.95 GB	Free: 61.64 GB
2026-04-08 01:10:03 INFO     Training Time :[387.3 s]	Training Loss = 0.0591
2026-04-08 01:10:34 INFO     Best threshold: 1.0
2026-04-08 01:10:34 INFO                   precision    recall  f1-score   support

           0     0.7431    0.6453    0.6907       623
           1     0.5982    0.7030    0.6464       468

    accuracy                         0.6700      1091
   macro avg     0.6706    0.6741    0.6685      1091
weighted avg     0.6809    0.6700    0.6717      1091

2026-04-08 01:10:34 INFO     Evaluation Time:[31.0 s]	  Eval Loss   = 28.2428
2026-04-08 01:10:34 INFO     acc:0.6700	precision:0.6706	recall:0.6741	f1:0.6685	
2026-04-08 01:10:34 INFO     EarlyStopping Counter: 3 out of 30. Best at epoch 18. Best acc: 0.7314
2026-04-08 01:17:03 INFO     ----------------------------------------------------Epoch 22----------------------------------------------------
2026-04-08 01:17:03 INFO     Memory Usage: Total: 95.59 GB	Used: 33.95 GB	Free: 61.64 GB
2026-04-08 01:17:03 INFO     Training Time :[388.9 s]	Training Loss = 0.0544
2026-04-08 01:17:33 INFO     Best threshold: 0.9500000000000001
2026-04-08 01:17:33 INFO                   precision    recall  f1-score   support

           0     0.8264    0.7640    0.7940       623
           1     0.7146    0.7863    0.7487       468

    accuracy                         0.7736      1091
   macro avg     0.7705    0.7752    0.7714      1091
weighted avg     0.7784    0.7736    0.7746      1091

2026-04-08 01:17:33 INFO     Evaluation Time:[30.1 s]	  Eval Loss   = 26.8485
2026-04-08 01:17:33 INFO     acc:0.7736	precision:0.7705	recall:0.7752	f1:0.7714	
2026-04-08 01:24:17 INFO     ----------------------------------------------------Epoch 23----------------------------------------------------
2026-04-08 01:24:17 INFO     Memory Usage: Total: 95.59 GB	Used: 33.95 GB	Free: 61.64 GB
2026-04-08 01:24:17 INFO     Training Time :[388.1 s]	Training Loss = 0.0556
2026-04-08 01:24:48 INFO     Best threshold: 0.01
2026-04-08 01:24:48 INFO                   precision    recall  f1-score   support

           0     0.6912    0.7978    0.7407       623
           1     0.6613    0.5256    0.5857       468

    accuracy                         0.6810      1091
   macro avg     0.6763    0.6617    0.6632      1091
weighted avg     0.6784    0.6810    0.6742      1091

2026-04-08 01:24:48 INFO     Evaluation Time:[31.6 s]	  Eval Loss   = 32.1464
2026-04-08 01:24:48 INFO     acc:0.6810	precision:0.6763	recall:0.6617	f1:0.6632	
2026-04-08 01:24:48 INFO     EarlyStopping Counter: 1 out of 30. Best at epoch 22. Best acc: 0.7736
2026-04-08 01:31:17 INFO     ----------------------------------------------------Epoch 24----------------------------------------------------
2026-04-08 01:31:17 INFO     Memory Usage: Total: 95.59 GB	Used: 33.95 GB	Free: 61.64 GB
2026-04-08 01:31:17 INFO     Training Time :[388.7 s]	Training Loss = 0.0495
2026-04-08 01:31:48 INFO     Best threshold: 1.0
2026-04-08 01:31:48 INFO                   precision    recall  f1-score   support

           0     0.6207    0.8459    0.7160       623
           1     0.6033    0.3120    0.4113       468

    accuracy                         0.6169      1091
   macro avg     0.6120    0.5789    0.5637      1091
weighted avg     0.6133    0.6169    0.5853      1091

2026-04-08 01:31:48 INFO     Evaluation Time:[31.0 s]	  Eval Loss   = 43.4843
2026-04-08 01:31:48 INFO     acc:0.6169	precision:0.6120	recall:0.5789	f1:0.5637	
2026-04-08 01:31:48 INFO     EarlyStopping Counter: 2 out of 30. Best at epoch 22. Best acc: 0.7736
2026-04-08 01:38:15 INFO     ----------------------------------------------------Epoch 25----------------------------------------------------
2026-04-08 01:38:15 INFO     Memory Usage: Total: 95.59 GB	Used: 33.95 GB	Free: 61.64 GB
2026-04-08 01:38:15 INFO     Training Time :[386.7 s]	Training Loss = 1.7901
2026-04-08 01:38:45 INFO     Best threshold: 1.0
2026-04-08 01:38:45 INFO                   precision    recall  f1-score   support

           0     0.7784    0.6822    0.7271       623
           1     0.6367    0.7415    0.6851       468

    accuracy                         0.7076      1091
   macro avg     0.7075    0.7118    0.7061      1091
weighted avg     0.7176    0.7076    0.7091      1091

2026-04-08 01:38:45 INFO     Evaluation Time:[30.1 s]	  Eval Loss   = 1639.1303
2026-04-08 01:38:45 INFO     acc:0.7076	precision:0.7075	recall:0.7118	f1:0.7061	
2026-04-08 01:38:45 INFO     EarlyStopping Counter: 3 out of 30. Best at epoch 22. Best acc: 0.7736
2026-04-08 01:45:12 INFO     ----------------------------------------------------Epoch 26----------------------------------------------------
2026-04-08 01:45:12 INFO     Memory Usage: Total: 95.59 GB	Used: 33.95 GB	Free: 61.64 GB
2026-04-08 01:45:12 INFO     Training Time :[387.5 s]	Training Loss = 0.1364
2026-04-08 01:45:43 INFO     Best threshold: 0.03
2026-04-08 01:45:43 INFO                   precision    recall  f1-score   support

           0     0.8840    0.7095    0.7872       623
           1     0.6937    0.8761    0.7743       468

    accuracy                         0.7809      1091
   macro avg     0.7889    0.7928    0.7807      1091
weighted avg     0.8024    0.7809    0.7817      1091

2026-04-08 01:45:43 INFO     Evaluation Time:[30.9 s]	  Eval Loss   = 1364.3657
2026-04-08 01:45:43 INFO     acc:0.7809	precision:0.7889	recall:0.7928	f1:0.7807	
2026-04-08 01:52:25 INFO     ----------------------------------------------------Epoch 27----------------------------------------------------
2026-04-08 01:52:25 INFO     Memory Usage: Total: 95.59 GB	Used: 33.95 GB	Free: 61.64 GB
2026-04-08 01:52:25 INFO     Training Time :[386.6 s]	Training Loss = 0.0440
2026-04-08 01:52:55 INFO     Best threshold: 0.9400000000000001
2026-04-08 01:52:55 INFO                   precision    recall  f1-score   support

           0     0.8021    0.6051    0.6898       623
           1     0.6039    0.8013    0.6887       468

    accuracy                         0.6893      1091
   macro avg     0.7030    0.7032    0.6893      1091
weighted avg     0.7171    0.6893    0.6894      1091

2026-04-08 01:52:55 INFO     Evaluation Time:[29.8 s]	  Eval Loss   = 2426.4164
2026-04-08 01:52:55 INFO     acc:0.6893	precision:0.7030	recall:0.7032	f1:0.6893	
2026-04-08 01:52:55 INFO     EarlyStopping Counter: 1 out of 30. Best at epoch 26. Best acc: 0.7809
2026-04-08 01:59:22 INFO     ----------------------------------------------------Epoch 28----------------------------------------------------
2026-04-08 01:59:22 INFO     Memory Usage: Total: 95.59 GB	Used: 33.95 GB	Free: 61.64 GB
2026-04-08 01:59:22 INFO     Training Time :[387.8 s]	Training Loss = 0.0412
2026-04-08 01:59:53 INFO     Best threshold: 0.01
2026-04-08 01:59:53 INFO                   precision    recall  f1-score   support

           0     0.8569    0.7303    0.7886       623
           1     0.7000    0.8376    0.7626       468

    accuracy                         0.7764      1091
   macro avg     0.7784    0.7840    0.7756      1091
weighted avg     0.7896    0.7764    0.7774      1091

2026-04-08 01:59:53 INFO     Evaluation Time:[30.9 s]	  Eval Loss   = 4978.7478
2026-04-08 01:59:53 INFO     acc:0.7764	precision:0.7784	recall:0.7840	f1:0.7756	
2026-04-08 01:59:53 INFO     EarlyStopping Counter: 2 out of 30. Best at epoch 26. Best acc: 0.7809
2026-04-08 02:06:20 INFO     ----------------------------------------------------Epoch 29----------------------------------------------------
2026-04-08 02:06:20 INFO     Memory Usage: Total: 95.59 GB	Used: 33.95 GB	Free: 61.64 GB
2026-04-08 02:06:20 INFO     Training Time :[386.2 s]	Training Loss = 0.0397
2026-04-08 02:06:50 INFO     Best threshold: 0.01
2026-04-08 02:06:50 INFO                   precision    recall  f1-score   support

           0     0.8298    0.7592    0.7930       623
           1     0.7121    0.7927    0.7503       468

    accuracy                         0.7736      1091
   macro avg     0.7710    0.7760    0.7716      1091
weighted avg     0.7793    0.7736    0.7746      1091

2026-04-08 02:06:50 INFO     Evaluation Time:[30.9 s]	  Eval Loss   = 12100.7173
2026-04-08 02:06:50 INFO     acc:0.7736	precision:0.7710	recall:0.7760	f1:0.7716	
2026-04-08 02:06:50 INFO     EarlyStopping Counter: 3 out of 30. Best at epoch 26. Best acc: 0.7809
2026-04-08 02:13:17 INFO     ----------------------------------------------------Epoch 30----------------------------------------------------
2026-04-08 02:13:17 INFO     Memory Usage: Total: 95.59 GB	Used: 33.95 GB	Free: 61.64 GB
2026-04-08 02:13:17 INFO     Training Time :[386.6 s]	Training Loss = 0.0391
2026-04-08 02:13:48 INFO     Best threshold: 0.01
2026-04-08 02:13:48 INFO                   precision    recall  f1-score   support

           0     0.8608    0.7544    0.8041       623
           1     0.7193    0.8376    0.7739       468

    accuracy                         0.7901      1091
   macro avg     0.7900    0.7960    0.7890      1091
weighted avg     0.8001    0.7901    0.7912      1091

2026-04-08 02:13:48 INFO     Evaluation Time:[30.6 s]	  Eval Loss   = 10533.9707
2026-04-08 02:13:48 INFO     acc:0.7901	precision:0.7900	recall:0.7960	f1:0.7890	
2026-04-08 02:20:32 INFO     ----------------------------------------------------Epoch 31----------------------------------------------------
2026-04-08 02:20:32 INFO     Memory Usage: Total: 95.59 GB	Used: 33.95 GB	Free: 61.64 GB
2026-04-08 02:20:32 INFO     Training Time :[389.2 s]	Training Loss = 0.0366
2026-04-08 02:21:03 INFO     Best threshold: 0.01
2026-04-08 02:21:03 INFO                   precision    recall  f1-score   support

           0     0.8097    0.7785    0.7938       623
           1     0.7195    0.7564    0.7375       468

    accuracy                         0.7690      1091
   macro avg     0.7646    0.7675    0.7656      1091
weighted avg     0.7710    0.7690    0.7696      1091

2026-04-08 02:21:03 INFO     Evaluation Time:[31.0 s]	  Eval Loss   = 12206.3478
2026-04-08 02:21:03 INFO     acc:0.7690	precision:0.7646	recall:0.7675	f1:0.7656	
2026-04-08 02:21:03 INFO     EarlyStopping Counter: 1 out of 30. Best at epoch 30. Best acc: 0.7901
2026-04-08 02:27:29 INFO     ----------------------------------------------------Epoch 32----------------------------------------------------
2026-04-08 02:27:29 INFO     Memory Usage: Total: 95.59 GB	Used: 33.95 GB	Free: 61.64 GB
2026-04-08 02:27:29 INFO     Training Time :[385.8 s]	Training Loss = 0.0369
2026-04-08 02:27:59 INFO     Best threshold: 0.01
2026-04-08 02:27:59 INFO                   precision    recall  f1-score   support

           0     0.8298    0.7512    0.7885       623
           1     0.7059    0.7949    0.7477       468

    accuracy                         0.7699      1091
   macro avg     0.7678    0.7730    0.7681      1091
weighted avg     0.7766    0.7699    0.7710      1091

2026-04-08 02:27:59 INFO     Evaluation Time:[30.7 s]	  Eval Loss   = 10100.7978
2026-04-08 02:27:59 INFO     acc:0.7699	precision:0.7678	recall:0.7730	f1:0.7681	
2026-04-08 02:27:59 INFO     EarlyStopping Counter: 2 out of 30. Best at epoch 30. Best acc: 0.7901
2026-04-08 02:34:26 INFO     ----------------------------------------------------Epoch 33----------------------------------------------------
2026-04-08 02:34:26 INFO     Memory Usage: Total: 95.59 GB	Used: 33.95 GB	Free: 61.64 GB
2026-04-08 02:34:26 INFO     Training Time :[386.4 s]	Training Loss = 0.0343
2026-04-08 02:34:56 INFO     Best threshold: 0.01
2026-04-08 02:34:56 INFO                   precision    recall  f1-score   support

           0     0.8162    0.7624    0.7884       623
           1     0.7092    0.7714    0.7390       468

    accuracy                         0.7663      1091
   macro avg     0.7627    0.7669    0.7637      1091
weighted avg     0.7703    0.7663    0.7672      1091

2026-04-08 02:34:56 INFO     Evaluation Time:[29.9 s]	  Eval Loss   = 8928.0486
2026-04-08 02:34:56 INFO     acc:0.7663	precision:0.7627	recall:0.7669	f1:0.7637	
2026-04-08 02:34:56 INFO     EarlyStopping Counter: 3 out of 30. Best at epoch 30. Best acc: 0.7901
2026-04-08 02:41:24 INFO     ----------------------------------------------------Epoch 34----------------------------------------------------
2026-04-08 02:41:24 INFO     Memory Usage: Total: 95.59 GB	Used: 33.95 GB	Free: 61.64 GB
2026-04-08 02:41:24 INFO     Training Time :[388.1 s]	Training Loss = 0.0363
2026-04-08 02:41:52 INFO     Best threshold: 0.01
2026-04-08 02:41:52 INFO                   precision    recall  f1-score   support

           0     0.7630    0.7801    0.7714       623
           1     0.6982    0.6774    0.6876       468

    accuracy                         0.7360      1091
   macro avg     0.7306    0.7287    0.7295      1091
weighted avg     0.7352    0.7360    0.7355      1091

2026-04-08 02:41:52 INFO     Evaluation Time:[28.5 s]	  Eval Loss   = 9691.1113
2026-04-08 02:41:52 INFO     acc:0.7360	precision:0.7306	recall:0.7287	f1:0.7295	
2026-04-08 02:41:52 INFO     EarlyStopping Counter: 4 out of 30. Best at epoch 30. Best acc: 0.7901
2026-04-08 02:48:22 INFO     ----------------------------------------------------Epoch 35----------------------------------------------------
2026-04-08 02:48:22 INFO     Memory Usage: Total: 95.59 GB	Used: 33.95 GB	Free: 61.64 GB
2026-04-08 02:48:22 INFO     Training Time :[389.3 s]	Training Loss = 0.0325
2026-04-08 02:48:53 INFO     Best threshold: 0.01
2026-04-08 02:48:53 INFO                   precision    recall  f1-score   support

           0     0.8090    0.7817    0.7951       623
           1     0.7219    0.7543    0.7377       468

    accuracy                         0.7699      1091
   macro avg     0.7654    0.7680    0.7664      1091
weighted avg     0.7716    0.7699    0.7705      1091

2026-04-08 02:48:53 INFO     Evaluation Time:[31.0 s]	  Eval Loss   = 8479.2986
2026-04-08 02:48:53 INFO     acc:0.7699	precision:0.7654	recall:0.7680	f1:0.7664	
2026-04-08 02:48:53 INFO     EarlyStopping Counter: 5 out of 30. Best at epoch 30. Best acc: 0.7901
2026-04-08 02:55:20 INFO     ----------------------------------------------------Epoch 36----------------------------------------------------
2026-04-08 02:55:20 INFO     Memory Usage: Total: 95.59 GB	Used: 33.95 GB	Free: 61.64 GB
2026-04-08 02:55:20 INFO     Training Time :[387.2 s]	Training Loss = 0.0324
2026-04-08 02:55:50 INFO     Best threshold: 0.02
2026-04-08 02:55:50 INFO                   precision    recall  f1-score   support

           0     0.8061    0.7673    0.7862       623
           1     0.7088    0.7543    0.7308       468

    accuracy                         0.7617      1091
   macro avg     0.7575    0.7608    0.7585      1091
weighted avg     0.7644    0.7617    0.7624      1091

2026-04-08 02:55:50 INFO     Evaluation Time:[30.6 s]	  Eval Loss   = 2986.8678
2026-04-08 02:55:50 INFO     acc:0.7617	precision:0.7575	recall:0.7608	f1:0.7585	
2026-04-08 02:55:50 INFO     EarlyStopping Counter: 6 out of 30. Best at epoch 30. Best acc: 0.7901
2026-04-08 03:02:16 INFO     ----------------------------------------------------Epoch 37----------------------------------------------------
2026-04-08 03:02:16 INFO     Memory Usage: Total: 95.59 GB	Used: 33.95 GB	Free: 61.64 GB
2026-04-08 03:02:16 INFO     Training Time :[385.2 s]	Training Loss = 0.0317
2026-04-08 03:02:46 INFO     Best threshold: 0.01
2026-04-08 03:02:46 INFO                   precision    recall  f1-score   support

           0     0.7940    0.7608    0.7770       623
           1     0.6984    0.7372    0.7173       468

    accuracy                         0.7507      1091
   macro avg     0.7462    0.7490    0.7472      1091
weighted avg     0.7530    0.7507    0.7514      1091

2026-04-08 03:02:46 INFO     Evaluation Time:[30.7 s]	  Eval Loss   = 242.6595
2026-04-08 03:02:46 INFO     acc:0.7507	precision:0.7462	recall:0.7490	f1:0.7472	
2026-04-08 03:02:46 INFO     EarlyStopping Counter: 7 out of 30. Best at epoch 30. Best acc: 0.7901
2026-04-08 03:09:14 INFO     ----------------------------------------------------Epoch 38----------------------------------------------------
2026-04-08 03:09:14 INFO     Memory Usage: Total: 95.59 GB	Used: 33.95 GB	Free: 61.64 GB
2026-04-08 03:09:14 INFO     Training Time :[387.4 s]	Training Loss = 0.0318
2026-04-08 03:09:42 INFO     Best threshold: 0.97
2026-04-08 03:09:42 INFO                   precision    recall  f1-score   support

           0     0.8489    0.7576    0.8007       623
           1     0.7178    0.8205    0.7657       468

    accuracy                         0.7846      1091
   macro avg     0.7833    0.7891    0.7832      1091
weighted avg     0.7927    0.7846    0.7857      1091

2026-04-08 03:09:42 INFO     Evaluation Time:[28.2 s]	  Eval Loss   = 398.1516
2026-04-08 03:09:42 INFO     acc:0.7846	precision:0.7833	recall:0.7891	f1:0.7832	
2026-04-08 03:09:42 INFO     EarlyStopping Counter: 8 out of 30. Best at epoch 30. Best acc: 0.7901
2026-04-08 03:16:09 INFO     ----------------------------------------------------Epoch 39----------------------------------------------------
2026-04-08 03:16:09 INFO     Memory Usage: Total: 95.59 GB	Used: 33.95 GB	Free: 61.64 GB
2026-04-08 03:16:09 INFO     Training Time :[386.9 s]	Training Loss = 0.0308
2026-04-08 03:16:40 INFO     Best threshold: 1.0
2026-04-08 03:16:40 INFO                   precision    recall  f1-score   support

           0     0.8208    0.7721    0.7957       623
           1     0.7188    0.7756    0.7461       468

    accuracy                         0.7736      1091
   macro avg     0.7698    0.7739    0.7709      1091
weighted avg     0.7771    0.7736    0.7744      1091

2026-04-08 03:16:40 INFO     Evaluation Time:[31.4 s]	  Eval Loss   = 419.7327
2026-04-08 03:16:40 INFO     acc:0.7736	precision:0.7698	recall:0.7739	f1:0.7709	
2026-04-08 03:16:40 INFO     EarlyStopping Counter: 9 out of 30. Best at epoch 30. Best acc: 0.7901
2026-04-08 03:23:07 INFO     ----------------------------------------------------Epoch 40----------------------------------------------------
2026-04-08 03:23:07 INFO     Memory Usage: Total: 95.59 GB	Used: 33.95 GB	Free: 61.64 GB
2026-04-08 03:23:07 INFO     Training Time :[386.7 s]	Training Loss = 0.0300
2026-04-08 03:23:37 INFO     Best threshold: 0.26
2026-04-08 03:23:38 INFO                   precision    recall  f1-score   support

           0     0.8172    0.7608    0.7880       623
           1     0.7084    0.7735    0.7395       468

    accuracy                         0.7663      1091
   macro avg     0.7628    0.7672    0.7638      1091
weighted avg     0.7706    0.7663    0.7672      1091

2026-04-08 03:23:38 INFO     Evaluation Time:[30.6 s]	  Eval Loss   = 436.3392
2026-04-08 03:23:38 INFO     acc:0.7663	precision:0.7628	recall:0.7672	f1:0.7638	
2026-04-08 03:23:38 INFO     EarlyStopping Counter: 10 out of 30. Best at epoch 30. Best acc: 0.7901
2026-04-08 03:30:05 INFO     ----------------------------------------------------Epoch 41----------------------------------------------------
2026-04-08 03:30:05 INFO     Memory Usage: Total: 95.59 GB	Used: 33.95 GB	Free: 61.64 GB
2026-04-08 03:30:05 INFO     Training Time :[387.1 s]	Training Loss = 0.0323
2026-04-08 03:30:32 INFO     Best threshold: 0.9
2026-04-08 03:30:32 INFO                   precision    recall  f1-score   support

           0     0.8692    0.7576    0.8096       623
           1     0.7245    0.8483    0.7815       468

    accuracy                         0.7965      1091
   macro avg     0.7968    0.8030    0.7956      1091
weighted avg     0.8071    0.7965    0.7975      1091

2026-04-08 03:30:32 INFO     Evaluation Time:[27.5 s]	  Eval Loss   = 459.8813
2026-04-08 03:30:32 INFO     acc:0.7965	precision:0.7968	recall:0.8030	f1:0.7956	
2026-04-08 03:37:14 INFO     ----------------------------------------------------Epoch 42----------------------------------------------------
2026-04-08 03:37:14 INFO     Memory Usage: Total: 95.59 GB	Used: 33.95 GB	Free: 61.64 GB
2026-04-08 03:37:14 INFO     Training Time :[386.9 s]	Training Loss = 0.0306
2026-04-08 03:37:45 INFO     Best threshold: 1.0
2026-04-08 03:37:45 INFO                   precision    recall  f1-score   support

           0     0.8702    0.7640    0.8137       623
           1     0.7298    0.8483    0.7846       468

    accuracy                         0.8002      1091
   macro avg     0.8000    0.8062    0.7991      1091
weighted avg     0.8100    0.8002    0.8012      1091

2026-04-08 03:37:45 INFO     Evaluation Time:[30.9 s]	  Eval Loss   = 549.4869
2026-04-08 03:37:45 INFO     acc:0.8002	precision:0.8000	recall:0.8062	f1:0.7991	
2026-04-08 03:44:25 INFO     ----------------------------------------------------Epoch 43----------------------------------------------------
2026-04-08 03:44:25 INFO     Memory Usage: Total: 95.59 GB	Used: 33.95 GB	Free: 61.64 GB
2026-04-08 03:44:25 INFO     Training Time :[384.6 s]	Training Loss = 0.0294
2026-04-08 03:44:53 INFO     Best threshold: 0.67
2026-04-08 03:44:53 INFO                   precision    recall  f1-score   support

           0     0.8615    0.7689    0.8126       623
           1     0.7308    0.8355    0.7797       468

    accuracy                         0.7974      1091
   macro avg     0.7962    0.8022    0.7961      1091
weighted avg     0.8055    0.7974    0.7984      1091

2026-04-08 03:44:53 INFO     Evaluation Time:[27.6 s]	  Eval Loss   = 672.255
2026-04-08 03:44:53 INFO     acc:0.7974	precision:0.7962	recall:0.8022	f1:0.7961	
2026-04-08 03:44:53 INFO     EarlyStopping Counter: 1 out of 30. Best at epoch 42. Best acc: 0.8002
2026-04-08 03:51:18 INFO     ----------------------------------------------------Epoch 44----------------------------------------------------
2026-04-08 03:51:18 INFO     Memory Usage: Total: 95.59 GB	Used: 33.95 GB	Free: 61.64 GB
2026-04-08 03:51:18 INFO     Training Time :[385.3 s]	Training Loss = 0.0301
2026-04-08 03:51:49 INFO     Best threshold: 0.01
2026-04-08 03:51:49 INFO                   precision    recall  f1-score   support

           0     0.7523    0.7753    0.7636       623
           1     0.6882    0.6603    0.6739       468

    accuracy                         0.7259      1091
   macro avg     0.7203    0.7178    0.7188      1091
weighted avg     0.7248    0.7259    0.7252      1091

2026-04-08 03:51:49 INFO     Evaluation Time:[31.1 s]	  Eval Loss   = 3187.7461
2026-04-08 03:51:49 INFO     acc:0.7259	precision:0.7203	recall:0.7178	f1:0.7188	
2026-04-08 03:51:49 INFO     EarlyStopping Counter: 2 out of 30. Best at epoch 42. Best acc: 0.8002
2026-04-08 03:58:15 INFO     ----------------------------------------------------Epoch 45----------------------------------------------------
2026-04-08 03:58:15 INFO     Memory Usage: Total: 95.59 GB	Used: 33.95 GB	Free: 61.64 GB
2026-04-08 03:58:15 INFO     Training Time :[385.9 s]	Training Loss = 0.0308
2026-04-08 03:58:42 INFO     Best threshold: 0.01
2026-04-08 03:58:42 INFO                   precision    recall  f1-score   support

           0     0.8389    0.7689    0.8023       623
           1     0.7231    0.8034    0.7611       468

    accuracy                         0.7837      1091
   macro avg     0.7810    0.7861    0.7817      1091
weighted avg     0.7892    0.7837    0.7847      1091

2026-04-08 03:58:42 INFO     Evaluation Time:[26.8 s]	  Eval Loss   = 2571.6732
2026-04-08 03:58:42 INFO     acc:0.7837	precision:0.7810	recall:0.7861	f1:0.7817	
2026-04-08 03:58:42 INFO     EarlyStopping Counter: 3 out of 30. Best at epoch 42. Best acc: 0.8002
2026-04-08 04:04:13 INFO     ----------------------------------------------------Epoch 46----------------------------------------------------
2026-04-08 04:04:13 INFO     Memory Usage: Total: 95.59 GB	Used: 25.29 GB	Free: 70.3 GB
2026-04-08 04:04:13 INFO     Training Time :[330.9 s]	Training Loss = 0.0302
2026-04-08 04:04:33 INFO     Best threshold: 0.01
2026-04-08 04:04:33 INFO                   precision    recall  f1-score   support

           0     0.8600    0.7689    0.8119       623
           1     0.7303    0.8333    0.7784       468

    accuracy                         0.7965      1091
   macro avg     0.7952    0.8011    0.7952      1091
weighted avg     0.8044    0.7965    0.7975      1091

2026-04-08 04:04:33 INFO     Evaluation Time:[20.6 s]	  Eval Loss   = 2436.0507
2026-04-08 04:04:33 INFO     acc:0.7965	precision:0.7952	recall:0.8011	f1:0.7952	
2026-04-08 04:04:33 INFO     EarlyStopping Counter: 4 out of 30. Best at epoch 42. Best acc: 0.8002
2026-04-08 04:08:41 INFO     ----------------------------------------------------Epoch 47----------------------------------------------------
2026-04-08 04:08:41 INFO     Memory Usage: Total: 95.59 GB	Used: 25.29 GB	Free: 70.3 GB
2026-04-08 04:08:41 INFO     Training Time :[247.8 s]	Training Loss = 0.0305
2026-04-08 04:09:02 INFO     Best threshold: 0.01
2026-04-08 04:09:02 INFO                   precision    recall  f1-score   support

           0     0.8478    0.7689    0.8064       623
           1     0.7262    0.8162    0.7686       468

    accuracy                         0.7892      1091
   macro avg     0.7870    0.7925    0.7875      1091
weighted avg     0.7956    0.7892    0.7902      1091

2026-04-08 04:09:02 INFO     Evaluation Time:[20.8 s]	  Eval Loss   = 2525.7867
2026-04-08 04:09:02 INFO     acc:0.7892	precision:0.7870	recall:0.7925	f1:0.7875	
2026-04-08 04:09:02 INFO     EarlyStopping Counter: 5 out of 30. Best at epoch 42. Best acc: 0.8002
2026-04-08 04:13:10 INFO     ----------------------------------------------------Epoch 48----------------------------------------------------
2026-04-08 04:13:10 INFO     Memory Usage: Total: 95.59 GB	Used: 25.29 GB	Free: 70.3 GB
2026-04-08 04:13:10 INFO     Training Time :[247.7 s]	Training Loss = 0.0315
2026-04-08 04:13:31 INFO     Best threshold: 0.2
2026-04-08 04:13:31 INFO                   precision    recall  f1-score   support

           0     0.8566    0.7673    0.8095       623
           1     0.7280    0.8291    0.7752       468

    accuracy                         0.7938      1091
   macro avg     0.7923    0.7982    0.7924      1091
weighted avg     0.8014    0.7938    0.7948      1091

2026-04-08 04:13:31 INFO     Evaluation Time:[20.7 s]	  Eval Loss   = 2305.0797
2026-04-08 04:13:31 INFO     acc:0.7938	precision:0.7923	recall:0.7982	f1:0.7924	
2026-04-08 04:13:31 INFO     EarlyStopping Counter: 6 out of 30. Best at epoch 42. Best acc: 0.8002
2026-04-08 04:17:39 INFO     ----------------------------------------------------Epoch 49----------------------------------------------------
2026-04-08 04:17:39 INFO     Memory Usage: Total: 95.59 GB	Used: 25.29 GB	Free: 70.3 GB
2026-04-08 04:17:39 INFO     Training Time :[248.4 s]	Training Loss = 0.0300
2026-04-08 04:17:57 INFO     Best threshold: 0.01
2026-04-08 04:17:57 INFO                   precision    recall  f1-score   support

           0     0.8520    0.7673    0.8074       623
           1     0.7264    0.8226    0.7715       468

    accuracy                         0.7910      1091
   macro avg     0.7892    0.7950    0.7895      1091
weighted avg     0.7982    0.7910    0.7920      1091

2026-04-08 04:17:57 INFO     Evaluation Time:[17.8 s]	  Eval Loss   = 2368.4361
2026-04-08 04:17:57 INFO     acc:0.7910	precision:0.7892	recall:0.7950	f1:0.7895	
2026-04-08 04:17:57 INFO     EarlyStopping Counter: 7 out of 30. Best at epoch 42. Best acc: 0.8002
2026-04-08 04:22:04 INFO     ----------------------------------------------------Epoch 50----------------------------------------------------
2026-04-08 04:22:04 INFO     Memory Usage: Total: 95.59 GB	Used: 25.29 GB	Free: 70.3 GB
2026-04-08 04:22:04 INFO     Training Time :[247.5 s]	Training Loss = 0.0300
2026-04-08 04:22:25 INFO     Best threshold: 0.01
2026-04-08 04:22:25 INFO                   precision    recall  f1-score   support

           0     0.8415    0.7673    0.8027       623
           1     0.7228    0.8077    0.7629       468

    accuracy                         0.7846      1091
   macro avg     0.7822    0.7875    0.7828      1091
weighted avg     0.7906    0.7846    0.7856      1091

2026-04-08 04:22:25 INFO     Evaluation Time:[20.9 s]	  Eval Loss   = 2407.4959
2026-04-08 04:22:25 INFO     acc:0.7846	precision:0.7822	recall:0.7875	f1:0.7828	
2026-04-08 04:22:25 INFO     EarlyStopping Counter: 8 out of 30. Best at epoch 42. Best acc: 0.8002
2026-04-08 04:22:25 INFO     ------------------------------------------------Best Evaluation------------------------------------------------
2026-04-08 04:22:25 INFO     Best Result at Epoch: 42	 Early Stop at Patience: 30
2026-04-08 04:22:25 INFO     acc:0.8002	precision:0.8000	recall:0.8062	f1:0.7991	
2026-04-08 04:22:47 INFO     Best threshold: 1.0
2026-04-08 04:22:47 INFO                   precision    recall  f1-score   support

           0     0.8702    0.7640    0.8137       623
           1     0.7298    0.8483    0.7846       468

    accuracy                         0.8002      1091
   macro avg     0.8000    0.8062    0.7991      1091
weighted avg     0.8100    0.8002    0.8012      1091

2026-04-08 04:23:08 INFO     Best threshold: 1.0
2026-04-08 04:23:08 INFO                   precision    recall  f1-score   support

           0     0.8702    0.7640    0.8137       623
           1     0.7298    0.8483    0.7846       468

    accuracy                         0.8002      1091
   macro avg     0.8000    0.8062    0.7991      1091
weighted avg     0.8100    0.8002    0.8012      1091

2026-04-08 04:23:08 INFO     -----------------------------------------------------Test Results------------------------------------------------------
2026-04-08 04:23:08 INFO     acc:0.8002	precision:0.8000	recall:0.8062	f1:0.7991	
2026-04-08 04:23:08 INFO                   precision    recall  f1-score   support

           0     0.8702    0.7640    0.8137       623
           1     0.7298    0.8483    0.7846       468

    accuracy                         0.8002      1091
   macro avg     0.8000    0.8062    0.7991      1091
weighted avg     0.8100    0.8002    0.8012      1091

