2026-04-09 08:04:26 INFO     log save at : log/weibo21/FreqMOE_V3-v3-CL-1-alpha_2.log
2026-04-09 08:04:26 INFO     model save at: save/FreqMOE_V3-weibo21-v3-CL-1-alpha-2026-04-09_08-04-26.pth
2026-04-09 08:04:35 INFO     Loaded 9621 image tensors from dataset/weibo21/img_name2tensor_only_resize.pkl.
2026-04-09 08:04:35 INFO     Use BMRTrainer.
2026-04-09 08:04:38 INFO     Finetune image/text encoders.
2026-04-09 08:04:38 INFO     [1] Model Hyper-Parameter ---------------------
2026-04-09 08:04:38 INFO     model: FreqMOE_V3
2026-04-09 08:04:38 INFO     model_type: GENERAL
2026-04-09 08:04:38 INFO     num_expert: 2
2026-04-09 08:04:38 INFO     n_layers: 2
2026-04-09 08:04:38 INFO     kernel_size: 11
2026-04-09 08:04:38 INFO     num_bands: 6
2026-04-09 08:04:38 INFO     freq_dropout_prob: 0.4
2026-04-09 08:04:38 INFO     lamda1: 0.9
2026-04-09 08:04:38 INFO     lamda2: 0.1
2026-04-09 08:04:38 INFO     [2] Experiment Hyper-Parameter ----------------
2026-04-09 08:04:38 INFO     [2-1] data hyper-parameter --------------------
2026-04-09 08:04:38 INFO     dataset: weibo21
2026-04-09 08:04:38 INFO     item_id_pad: 0
2026-04-09 08:04:38 INFO     data_aug: False
2026-04-09 08:04:38 INFO     seq_filter_len: 0
2026-04-09 08:04:38 INFO     if_filter_target: False
2026-04-09 08:04:38 INFO     max_len: 50
2026-04-09 08:04:38 INFO     do_test_with_eval: False
2026-04-09 08:04:38 INFO     [2-2] pretraining hyper-parameter -------------
2026-04-09 08:04:38 INFO     do_pretraining: False
2026-04-09 08:04:38 INFO     pretraining_task: MISP
2026-04-09 08:04:38 INFO     pretraining_epoch: 10
2026-04-09 08:04:38 INFO     pretraining_batch: 512
2026-04-09 08:04:38 INFO     pretraining_lr: 0.001
2026-04-09 08:04:38 INFO     pretraining_l2: 0.0
2026-04-09 08:04:38 INFO     [2-3] training hyper-parameter ----------------
2026-04-09 08:04:38 INFO     epoch_num: 50
2026-04-09 08:04:38 INFO     train_batch: 24
2026-04-09 08:04:38 INFO     learning_rate: 5e-05
2026-04-09 08:04:38 INFO     l2: 0.01
2026-04-09 08:04:38 INFO     patience: 50
2026-04-09 08:04:38 INFO     device: cuda:0
2026-04-09 08:04:38 INFO     num_worker: 4
2026-04-09 08:04:38 INFO     seed: 2027
2026-04-09 08:04:38 INFO     [2-4] evaluation hyper-parameter --------------
2026-04-09 08:04:38 INFO     split_type: valid_and_test
2026-04-09 08:04:38 INFO     split_mode: PS
2026-04-09 08:04:38 INFO     eval_mode: full
2026-04-09 08:04:38 INFO     metric: ['acc', 'precision', 'recall', 'f1']
2026-04-09 08:04:38 INFO     k: [5, 10]
2026-04-09 08:04:38 INFO     valid_metric: acc
2026-04-09 08:04:38 INFO     eval_batch: 24
2026-04-09 08:04:38 INFO     mask_history: False
2026-04-09 08:04:38 INFO     test_device: cpu
2026-04-09 08:04:38 INFO     [2-5] save hyper-parameter --------------------
2026-04-09 08:04:38 INFO     log_save: log
2026-04-09 08:04:38 INFO     save: save
2026-04-09 08:04:38 INFO     model_saved: None
2026-04-09 08:04:38 INFO     [3] Data Statistic ----------------------------
2026-04-09 08:04:38 INFO     dataset: weibo21
2026-04-09 08:04:38 INFO     event number: 1
2026-04-09 08:04:38 INFO     image number: 4864
2026-04-09 08:04:38 INFO     total size: 5685 (fake:2766, real:2919)
2026-04-09 08:04:38 INFO     data without augmentation:
2026-04-09 08:04:38 INFO     train size: 4567(fake:2224, real:2343) eval size: 559(fake:271, real:288) test size: 559(fake:271, real:288)
2026-04-09 08:04:38 INFO     [1] Model Architecture ------------------------
2026-04-09 08:04:38 INFO     total parameters: 419870903
2026-04-09 08:04:38 INFO     FreqMOE_V3(
  (cross_entropy): CrossEntropyLoss()
  (image_model): MaskedAutoencoderViT(
    (patch_embed): PatchEmbed(
      (proj): Conv2d(3, 768, kernel_size=(16, 16), stride=(16, 16))
      (norm): Identity()
    )
    (blocks): ModuleList(
      (0-11): 12 x Block(
        (norm1): LayerNorm((768,), eps=1e-06, elementwise_affine=True)
        (attn): Attention(
          (qkv): Linear(in_features=768, out_features=2304, bias=True)
          (q_norm): Identity()
          (k_norm): Identity()
          (attn_drop): Dropout(p=0.0, inplace=False)
          (norm): Identity()
          (proj): Linear(in_features=768, out_features=768, bias=True)
          (proj_drop): Dropout(p=0.0, inplace=False)
        )
        (ls1): Identity()
        (drop_path1): Identity()
        (norm2): LayerNorm((768,), eps=1e-06, elementwise_affine=True)
        (mlp): Mlp(
          (fc1): Linear(in_features=768, out_features=3072, bias=True)
          (act): GELU(approximate='none')
          (drop1): Dropout(p=0.0, inplace=False)
          (norm): Identity()
          (fc2): Linear(in_features=3072, out_features=768, bias=True)
          (drop2): Dropout(p=0.0, inplace=False)
        )
        (ls2): Identity()
        (drop_path2): Identity()
      )
    )
    (norm): LayerNorm((768,), eps=1e-06, elementwise_affine=True)
    (decoder_embed): Linear(in_features=768, out_features=512, bias=True)
    (decoder_blocks): ModuleList(
      (0-7): 8 x Block(
        (norm1): LayerNorm((512,), eps=1e-06, elementwise_affine=True)
        (attn): Attention(
          (qkv): Linear(in_features=512, out_features=1536, bias=True)
          (q_norm): Identity()
          (k_norm): Identity()
          (attn_drop): Dropout(p=0.0, inplace=False)
          (norm): Identity()
          (proj): Linear(in_features=512, out_features=512, bias=True)
          (proj_drop): Dropout(p=0.0, inplace=False)
        )
        (ls1): Identity()
        (drop_path1): Identity()
        (norm2): LayerNorm((512,), eps=1e-06, elementwise_affine=True)
        (mlp): Mlp(
          (fc1): Linear(in_features=512, out_features=2048, bias=True)
          (act): GELU(approximate='none')
          (drop1): Dropout(p=0.0, inplace=False)
          (norm): Identity()
          (fc2): Linear(in_features=2048, out_features=512, bias=True)
          (drop2): Dropout(p=0.0, inplace=False)
        )
        (ls2): Identity()
        (drop_path2): Identity()
      )
    )
    (decoder_norm): LayerNorm((512,), eps=1e-06, elementwise_affine=True)
    (decoder_pred): Linear(in_features=512, out_features=768, bias=True)
  )
  (text_model): BertModel(
    (embeddings): BertEmbeddings(
      (word_embeddings): Embedding(21128, 768, padding_idx=0)
      (position_embeddings): Embedding(512, 768)
      (token_type_embeddings): Embedding(2, 768)
      (LayerNorm): LayerNorm((768,), eps=1e-12, elementwise_affine=True)
      (dropout): Dropout(p=0.1, inplace=False)
    )
    (encoder): BertEncoder(
      (layer): ModuleList(
        (0-11): 12 x BertLayer(
          (attention): BertAttention(
            (self): BertSdpaSelfAttention(
              (query): Linear(in_features=768, out_features=768, bias=True)
              (key): Linear(in_features=768, out_features=768, bias=True)
              (value): Linear(in_features=768, out_features=768, bias=True)
              (dropout): Dropout(p=0.1, inplace=False)
            )
            (output): BertSelfOutput(
              (dense): Linear(in_features=768, out_features=768, bias=True)
              (LayerNorm): LayerNorm((768,), eps=1e-12, elementwise_affine=True)
              (dropout): Dropout(p=0.1, inplace=False)
            )
          )
          (intermediate): BertIntermediate(
            (dense): Linear(in_features=768, out_features=3072, bias=True)
            (intermediate_act_fn): GELUActivation()
          )
          (output): BertOutput(
            (dense): Linear(in_features=3072, out_features=768, bias=True)
            (LayerNorm): LayerNorm((768,), eps=1e-12, elementwise_affine=True)
            (dropout): Dropout(p=0.1, inplace=False)
          )
        )
      )
    )
    (pooler): BertPooler(
      (dense): Linear(in_features=768, out_features=768, bias=True)
      (activation): Tanh()
    )
  )
  (text_attention): TokenAttention(
    (attention_layer): Sequential(
      (0): Linear(in_features=768, out_features=768, bias=True)
      (1): SiLU()
      (2): Linear(in_features=768, out_features=1, bias=True)
    )
  )
  (image_attention): TokenAttention(
    (attention_layer): Sequential(
      (0): Linear(in_features=768, out_features=768, bias=True)
      (1): SiLU()
      (2): Linear(in_features=768, out_features=1, bias=True)
    )
  )
  (mm_attention): TokenAttention(
    (attention_layer): Sequential(
      (0): Linear(in_features=768, out_features=768, bias=True)
      (1): SiLU()
      (2): Linear(in_features=768, out_features=1, bias=True)
    )
  )
  (text_experts): ModuleList(
    (0): GlobalFilterBlock(
      (gfm_encoder): GFMEncoder(
        (layer): ModuleList(
          (0-1): 2 x GFMLayer(
            (filterlayer): GFMFilterLayer(
              (out_dropout): Dropout(p=0.4, inplace=False)
              (LayerNorm): LayerNorm((768,), eps=1e-12, elementwise_affine=True)
              (freq_conv_encoder): Sequential(
                (0): Conv1d(768, 768, kernel_size=(11,), stride=(1,), padding=(5,), padding_mode=reflect)
                (1): BatchNorm1d(768, eps=1e-05, momentum=0.1, affine=True, track_running_stats=True)
              )
            )
            (intermediate): Intermediate(
              (dense_1): Linear(in_features=768, out_features=3072, bias=True)
              (dense_2): Linear(in_features=3072, out_features=768, bias=True)
              (LayerNorm): LayerNorm((768,), eps=1e-12, elementwise_affine=True)
              (dropout): Dropout(p=0.0, inplace=False)
            )
            (dropout): Dropout(p=0.0, inplace=False)
            (LayerNorm): LayerNorm((768,), eps=1e-12, elementwise_affine=True)
          )
        )
      )
      (freq_conv_encoder): Sequential(
        (0): Conv1d(768, 768, kernel_size=(11,), stride=(1,), padding=(5,), padding_mode=reflect)
        (1): BatchNorm1d(768, eps=1e-05, momentum=0.1, affine=True, track_running_stats=True)
      )
      (LayerNorm): LayerNorm((768,), eps=1e-12, elementwise_affine=True)
      (dropout): Dropout(p=0.0, inplace=False)
    )
    (1): LocalFilterBlock(
      (lfm_encoder): LFMEncoder(
        (layer): ModuleList(
          (0-1): 2 x LFMLayer(
            (filterlayer): LFMfilterLayer(
              (out_dropout): Dropout(p=0.4, inplace=False)
              (LayerNorm): LayerNorm((768,), eps=1e-12, elementwise_affine=True)
              (LFMgate): LFMGate(
                (gate): Sequential(
                  (0): Linear(in_features=1536, out_features=768, bias=True)
                  (1): LayerNorm((768,), eps=1e-05, elementwise_affine=True)
                  (2): GELU(approximate='none')
                  (3): Linear(in_features=768, out_features=384, bias=True)
                  (4): GELU(approximate='none')
                  (5): Linear(in_features=384, out_features=6, bias=True)
                )
              )
              (freq_conv_encoder): Sequential(
                (0): Conv1d(768, 768, kernel_size=(11,), stride=(1,), padding=(5,), padding_mode=reflect)
                (1): BatchNorm1d(768, eps=1e-05, momentum=0.1, affine=True, track_running_stats=True)
              )
            )
            (intermediate): Intermediate(
              (dense_1): Linear(in_features=768, out_features=3072, bias=True)
              (dense_2): Linear(in_features=3072, out_features=768, bias=True)
              (LayerNorm): LayerNorm((768,), eps=1e-12, elementwise_affine=True)
              (dropout): Dropout(p=0.0, inplace=False)
            )
          )
        )
      )
      (freq_conv_encoder): Sequential(
        (0): Conv1d(768, 768, kernel_size=(11,), stride=(1,), padding=(5,), padding_mode=reflect)
        (1): BatchNorm1d(768, eps=1e-05, momentum=0.1, affine=True, track_running_stats=True)
      )
      (LayerNorm): LayerNorm((768,), eps=1e-12, elementwise_affine=True)
      (dropout): Dropout(p=0.0, inplace=False)
    )
  )
  (image_experts): ModuleList(
    (0): GlobalFilterBlock(
      (gfm_encoder): GFMEncoder(
        (layer): ModuleList(
          (0-1): 2 x GFMLayer(
            (filterlayer): GFMFilterLayer(
              (out_dropout): Dropout(p=0.4, inplace=False)
              (LayerNorm): LayerNorm((768,), eps=1e-12, elementwise_affine=True)
              (freq_conv_encoder): Sequential(
                (0): Conv1d(768, 768, kernel_size=(11,), stride=(1,), padding=(5,), padding_mode=reflect)
                (1): BatchNorm1d(768, eps=1e-05, momentum=0.1, affine=True, track_running_stats=True)
              )
            )
            (intermediate): Intermediate(
              (dense_1): Linear(in_features=768, out_features=3072, bias=True)
              (dense_2): Linear(in_features=3072, out_features=768, bias=True)
              (LayerNorm): LayerNorm((768,), eps=1e-12, elementwise_affine=True)
              (dropout): Dropout(p=0.0, inplace=False)
            )
            (dropout): Dropout(p=0.0, inplace=False)
            (LayerNorm): LayerNorm((768,), eps=1e-12, elementwise_affine=True)
          )
        )
      )
      (freq_conv_encoder): Sequential(
        (0): Conv1d(768, 768, kernel_size=(11,), stride=(1,), padding=(5,), padding_mode=reflect)
        (1): BatchNorm1d(768, eps=1e-05, momentum=0.1, affine=True, track_running_stats=True)
      )
      (LayerNorm): LayerNorm((768,), eps=1e-12, elementwise_affine=True)
      (dropout): Dropout(p=0.0, inplace=False)
    )
    (1): LocalFilterBlock(
      (lfm_encoder): LFMEncoder(
        (layer): ModuleList(
          (0-1): 2 x LFMLayer(
            (filterlayer): LFMfilterLayer(
              (out_dropout): Dropout(p=0.4, inplace=False)
              (LayerNorm): LayerNorm((768,), eps=1e-12, elementwise_affine=True)
              (LFMgate): LFMGate(
                (gate): Sequential(
                  (0): Linear(in_features=1536, out_features=768, bias=True)
                  (1): LayerNorm((768,), eps=1e-05, elementwise_affine=True)
                  (2): GELU(approximate='none')
                  (3): Linear(in_features=768, out_features=384, bias=True)
                  (4): GELU(approximate='none')
                  (5): Linear(in_features=384, out_features=6, bias=True)
                )
              )
              (freq_conv_encoder): Sequential(
                (0): Conv1d(768, 768, kernel_size=(11,), stride=(1,), padding=(5,), padding_mode=reflect)
                (1): BatchNorm1d(768, eps=1e-05, momentum=0.1, affine=True, track_running_stats=True)
              )
            )
            (intermediate): Intermediate(
              (dense_1): Linear(in_features=768, out_features=3072, bias=True)
              (dense_2): Linear(in_features=3072, out_features=768, bias=True)
              (LayerNorm): LayerNorm((768,), eps=1e-12, elementwise_affine=True)
              (dropout): Dropout(p=0.0, inplace=False)
            )
          )
        )
      )
      (freq_conv_encoder): Sequential(
        (0): Conv1d(768, 768, kernel_size=(11,), stride=(1,), padding=(5,), padding_mode=reflect)
        (1): BatchNorm1d(768, eps=1e-05, momentum=0.1, affine=True, track_running_stats=True)
      )
      (LayerNorm): LayerNorm((768,), eps=1e-12, elementwise_affine=True)
      (dropout): Dropout(p=0.0, inplace=False)
    )
  )
  (mm_experts): ModuleList(
    (0): CrossModalGlobalFilterBlock(
      (gfm_encoder): CrossModalGFMEncoder(
        (layer): ModuleList(
          (0-1): 2 x CrossModalGFMLayer(
            (filterlayer): CM_GFMFilterLayer(
              (out_dropout): Dropout(p=0.4, inplace=False)
              (LayerNorm): LayerNorm((768,), eps=1e-12, elementwise_affine=True)
              (freq_conv_encoder): Sequential(
                (0): Conv1d(768, 768, kernel_size=(11,), stride=(1,), padding=(5,), padding_mode=reflect)
                (1): BatchNorm1d(768, eps=1e-05, momentum=0.1, affine=True, track_running_stats=True)
              )
            )
            (intermediate): Intermediate(
              (dense_1): Linear(in_features=768, out_features=3072, bias=True)
              (dense_2): Linear(in_features=3072, out_features=768, bias=True)
              (LayerNorm): LayerNorm((768,), eps=1e-12, elementwise_affine=True)
              (dropout): Dropout(p=0.0, inplace=False)
            )
            (dropout): Dropout(p=0.0, inplace=False)
            (LayerNorm): LayerNorm((768,), eps=1e-12, elementwise_affine=True)
          )
        )
      )
      (freq_conv_encoder): Sequential(
        (0): Conv1d(768, 768, kernel_size=(11,), stride=(1,), padding=(5,), padding_mode=reflect)
        (1): BatchNorm1d(768, eps=1e-05, momentum=0.1, affine=True, track_running_stats=True)
      )
      (LayerNorm): LayerNorm((768,), eps=1e-12, elementwise_affine=True)
      (dropout): Dropout(p=0.0, inplace=False)
    )
    (1): CrossModalLocalFilterBlock(
      (lfm_encoder): CrossModalLFMEncoder(
        (layer): ModuleList(
          (0-1): 2 x CrossModalLFMLayer(
            (filterlayer): CM_LFMfilterLayer(
              (out_dropout): Dropout(p=0.4, inplace=False)
              (LayerNorm): LayerNorm((768,), eps=1e-12, elementwise_affine=True)
              (LFMgate): LFMGate(
                (gate): Sequential(
                  (0): Linear(in_features=1536, out_features=768, bias=True)
                  (1): LayerNorm((768,), eps=1e-05, elementwise_affine=True)
                  (2): GELU(approximate='none')
                  (3): Linear(in_features=768, out_features=384, bias=True)
                  (4): GELU(approximate='none')
                  (5): Linear(in_features=384, out_features=6, bias=True)
                )
              )
              (freq_conv_encoder): Sequential(
                (0): Conv1d(768, 768, kernel_size=(11,), stride=(1,), padding=(5,), padding_mode=reflect)
                (1): BatchNorm1d(768, eps=1e-05, momentum=0.1, affine=True, track_running_stats=True)
              )
            )
            (intermediate): Intermediate(
              (dense_1): Linear(in_features=768, out_features=3072, bias=True)
              (dense_2): Linear(in_features=3072, out_features=768, bias=True)
              (LayerNorm): LayerNorm((768,), eps=1e-12, elementwise_affine=True)
              (dropout): Dropout(p=0.0, inplace=False)
            )
          )
        )
      )
      (freq_conv_encoder): Sequential(
        (0): Conv1d(768, 768, kernel_size=(11,), stride=(1,), padding=(5,), padding_mode=reflect)
        (1): BatchNorm1d(768, eps=1e-05, momentum=0.1, affine=True, track_running_stats=True)
      )
      (LayerNorm): LayerNorm((768,), eps=1e-12, elementwise_affine=True)
      (dropout): Dropout(p=0.0, inplace=False)
    )
  )
  (image_gate_mae): Sequential(
    (0): Linear(in_features=768, out_features=768, bias=True)
    (1): SiLU()
    (2): Linear(in_features=768, out_features=2, bias=True)
  )
  (text_gate): Sequential(
    (0): Linear(in_features=768, out_features=768, bias=True)
    (1): SiLU()
    (2): Linear(in_features=768, out_features=2, bias=True)
  )
  (mm_gate): Sequential(
    (0): Linear(in_features=768, out_features=768, bias=True)
    (1): SiLU()
    (2): Linear(in_features=768, out_features=2, bias=True)
  )
  (final_attention): ModuleList(
    (0): TokenAttention(
      (attention_layer): Sequential(
        (0): Linear(in_features=768, out_features=768, bias=True)
        (1): SiLU()
        (2): Linear(in_features=768, out_features=1, bias=True)
      )
    )
  )
  (fusion_SE_network_main_task): ModuleList(
    (0): Sequential(
      (0): Linear(in_features=768, out_features=768, bias=True)
      (1): SiLU()
      (2): Linear(in_features=768, out_features=2, bias=True)
    )
  )
  (mix_classifier): Sequential(
    (0): Linear(in_features=64, out_features=1, bias=True)
  )
  (mix_trim): Sequential(
    (0): Linear(in_features=768, out_features=64, bias=True)
    (1): SiLU()
  )
  (text_trim): Sequential(
    (0): Linear(in_features=768, out_features=64, bias=True)
    (1): SiLU()
  )
  (text_alone_classifier): Sequential(
    (0): Linear(in_features=64, out_features=1, bias=True)
  )
  (image_trim): Sequential(
    (0): Linear(in_features=768, out_features=64, bias=True)
    (1): SiLU()
  )
  (image_alone_classifier): Sequential(
    (0): Linear(in_features=64, out_features=1, bias=True)
  )
  (mapping_IS_MLP_mu): Sequential(
    (0): Linear(in_features=1, out_features=768, bias=True)
    (1): SiLU()
    (2): Linear(in_features=768, out_features=1, bias=True)
  )
  (mapping_IS_MLP_sigma): Sequential(
    (0): Linear(in_features=1, out_features=768, bias=True)
    (1): SiLU()
    (2): Linear(in_features=768, out_features=1, bias=True)
  )
  (mapping_T_MLP_mu): Sequential(
    (0): Linear(in_features=1, out_features=768, bias=True)
    (1): SiLU()
    (2): Linear(in_features=768, out_features=1, bias=True)
  )
  (mapping_T_MLP_sigma): Sequential(
    (0): Linear(in_features=1, out_features=768, bias=True)
    (1): SiLU()
    (2): Linear(in_features=768, out_features=1, bias=True)
  )
  (adaIN): AdaIN()
  (final_fusing_experts): ModuleList(
    (0): ModuleList(
      (0-1): 2 x ModuleList(
        (0): Block(
          (norm1): LayerNorm((768,), eps=1e-06, elementwise_affine=True)
          (attn): Attention(
            (qkv): Linear(in_features=768, out_features=2304, bias=False)
            (q_norm): Identity()
            (k_norm): Identity()
            (attn_drop): Dropout(p=0.0, inplace=False)
            (norm): Identity()
            (proj): Linear(in_features=768, out_features=768, bias=True)
            (proj_drop): Dropout(p=0.0, inplace=False)
          )
          (ls1): Identity()
          (drop_path1): Identity()
          (norm2): LayerNorm((768,), eps=1e-06, elementwise_affine=True)
          (mlp): Mlp(
            (fc1): Linear(in_features=768, out_features=3072, bias=True)
            (act): GELU(approximate='none')
            (drop1): Dropout(p=0.0, inplace=False)
            (norm): Identity()
            (fc2): Linear(in_features=3072, out_features=768, bias=True)
            (drop2): Dropout(p=0.0, inplace=False)
          )
          (ls2): Identity()
          (drop_path2): Identity()
        )
      )
    )
  )
  (criterion): BCEWithLogitsLoss()
  (specialization_loss): TripletMarginLoss()
  (alignment_loss): InfoNCELoss(
    (criterion): CrossEntropyLoss()
  )
  (img_align_lin1): Identity()
  (img_align_lin2): Linear(in_features=768, out_features=768, bias=True)
  (text_align_lin1): Identity()
  (text_align_lin2): Linear(in_features=768, out_features=768, bias=True)
  (mm_align_lin1): Identity()
  (mm_align_lin2): Linear(in_features=768, out_features=768, bias=True)
)
2026-04-09 08:04:38 INFO     Start training...
2026-04-09 08:06:03 INFO     ----------------------------------------------------Epoch 1----------------------------------------------------
2026-04-09 08:06:03 INFO     Memory Usage: Total: 95.59 GB	Used: 6.18 GB	Free: 89.41 GB
2026-04-09 08:06:03 INFO     Training Time :[85.1 s]	Training Loss = 12.7253
2026-04-09 08:06:13 INFO     Best threshold: 0.48
2026-04-09 08:06:13 INFO                   precision    recall  f1-score   support

           0     0.7130    0.8194    0.7625       288
           1     0.7719    0.6494    0.7054       271

    accuracy                         0.7370       559
   macro avg     0.7425    0.7344    0.7340       559
weighted avg     0.7416    0.7370    0.7348       559

2026-04-09 08:06:13 INFO     Evaluation Time:[9.4 s]	  Eval Loss   = 7.8558
2026-04-09 08:06:13 INFO     acc:0.7370	precision:0.7425	recall:0.7344	f1:0.7340	
2026-04-09 08:07:37 INFO     ----------------------------------------------------Epoch 2----------------------------------------------------
2026-04-09 08:07:37 INFO     Memory Usage: Total: 95.59 GB	Used: 23.86 GB	Free: 71.73 GB
2026-04-09 08:07:37 INFO     Training Time :[82.7 s]	Training Loss = 5.4239
2026-04-09 08:07:46 INFO     Best threshold: 0.48
2026-04-09 08:07:46 INFO                   precision    recall  f1-score   support

           0     0.8571    0.8333    0.8451       288
           1     0.8280    0.8524    0.8400       271

    accuracy                         0.8426       559
   macro avg     0.8425    0.8429    0.8425       559
weighted avg     0.8430    0.8426    0.8426       559

2026-04-09 08:07:46 INFO     Evaluation Time:[9.4 s]	  Eval Loss   = 4.0265
2026-04-09 08:07:46 INFO     acc:0.8426	precision:0.8425	recall:0.8429	f1:0.8425	
2026-04-09 08:09:18 INFO     ----------------------------------------------------Epoch 3----------------------------------------------------
2026-04-09 08:09:18 INFO     Memory Usage: Total: 95.59 GB	Used: 23.86 GB	Free: 71.73 GB
2026-04-09 08:09:18 INFO     Training Time :[81.9 s]	Training Loss = 3.6030
2026-04-09 08:09:27 INFO     Best threshold: 0.52
2026-04-09 08:09:27 INFO                   precision    recall  f1-score   support

           0     0.9080    0.7882    0.8439       288
           1     0.8026    0.9151    0.8552       271

    accuracy                         0.8497       559
   macro avg     0.8553    0.8517    0.8495       559
weighted avg     0.8569    0.8497    0.8493       559

2026-04-09 08:09:27 INFO     Evaluation Time:[9.2 s]	  Eval Loss   = 3.3372
2026-04-09 08:09:27 INFO     acc:0.8497	precision:0.8553	recall:0.8517	f1:0.8495	
2026-04-09 08:11:03 INFO     ----------------------------------------------------Epoch 4----------------------------------------------------
2026-04-09 08:11:03 INFO     Memory Usage: Total: 95.59 GB	Used: 23.86 GB	Free: 71.73 GB
2026-04-09 08:11:03 INFO     Training Time :[83.2 s]	Training Loss = 3.2326
2026-04-09 08:11:12 INFO     Best threshold: 0.55
2026-04-09 08:11:12 INFO                   precision    recall  f1-score   support

           0     0.8567    0.8715    0.8640       288
           1     0.8609    0.8450    0.8529       271

    accuracy                         0.8587       559
   macro avg     0.8588    0.8583    0.8585       559
weighted avg     0.8587    0.8587    0.8586       559

2026-04-09 08:11:12 INFO     Evaluation Time:[9.3 s]	  Eval Loss   = 2.948
2026-04-09 08:11:12 INFO     acc:0.8587	precision:0.8588	recall:0.8583	f1:0.8585	
2026-04-09 08:12:46 INFO     ----------------------------------------------------Epoch 5----------------------------------------------------
2026-04-09 08:12:46 INFO     Memory Usage: Total: 95.59 GB	Used: 23.86 GB	Free: 71.73 GB
2026-04-09 08:12:46 INFO     Training Time :[82.3 s]	Training Loss = 2.9998
2026-04-09 08:12:55 INFO     Best threshold: 0.55
2026-04-09 08:12:55 INFO                   precision    recall  f1-score   support

           0     0.8682    0.8924    0.8801       288
           1     0.8821    0.8561    0.8689       271

    accuracy                         0.8748       559
   macro avg     0.8752    0.8742    0.8745       559
weighted avg     0.8750    0.8748    0.8747       559

2026-04-09 08:12:55 INFO     Evaluation Time:[9.2 s]	  Eval Loss   = 2.4032
2026-04-09 08:12:55 INFO     acc:0.8748	precision:0.8752	recall:0.8742	f1:0.8745	
2026-04-09 08:14:29 INFO     ----------------------------------------------------Epoch 6----------------------------------------------------
2026-04-09 08:14:29 INFO     Memory Usage: Total: 95.59 GB	Used: 23.86 GB	Free: 71.73 GB
2026-04-09 08:14:29 INFO     Training Time :[81.3 s]	Training Loss = 2.7703
2026-04-09 08:14:38 INFO     Best threshold: 0.48
2026-04-09 08:14:38 INFO                   precision    recall  f1-score   support

           0     0.8435    0.7674    0.8036       288
           1     0.7744    0.8487    0.8099       271

    accuracy                         0.8068       559
   macro avg     0.8090    0.8080    0.8067       559
weighted avg     0.8100    0.8068    0.8067       559

2026-04-09 08:14:38 INFO     Evaluation Time:[9.1 s]	  Eval Loss   = 2.6138
2026-04-09 08:14:38 INFO     acc:0.8068	precision:0.8090	recall:0.8080	f1:0.8067	
2026-04-09 08:14:38 INFO     EarlyStopping Counter: 1 out of 50. Best at epoch 5. Best acc: 0.8748
2026-04-09 08:15:59 INFO     ----------------------------------------------------Epoch 7----------------------------------------------------
2026-04-09 08:15:59 INFO     Memory Usage: Total: 95.59 GB	Used: 23.86 GB	Free: 71.73 GB
2026-04-09 08:15:59 INFO     Training Time :[81.1 s]	Training Loss = 2.6295
2026-04-09 08:16:08 INFO     Best threshold: 0.46
2026-04-09 08:16:08 INFO                   precision    recall  f1-score   support

           0     0.8758    0.9062    0.8908       288
           1     0.8966    0.8635    0.8797       271

    accuracy                         0.8855       559
   macro avg     0.8862    0.8849    0.8852       559
weighted avg     0.8859    0.8855    0.8854       559

2026-04-09 08:16:08 INFO     Evaluation Time:[9.1 s]	  Eval Loss   = 3.3782
2026-04-09 08:16:08 INFO     acc:0.8855	precision:0.8862	recall:0.8849	f1:0.8852	
2026-04-09 08:17:42 INFO     ----------------------------------------------------Epoch 8----------------------------------------------------
2026-04-09 08:17:42 INFO     Memory Usage: Total: 95.59 GB	Used: 23.86 GB	Free: 71.73 GB
2026-04-09 08:17:42 INFO     Training Time :[81.4 s]	Training Loss = 2.6945
2026-04-09 08:17:51 INFO     Best threshold: 0.51
2026-04-09 08:17:51 INFO                   precision    recall  f1-score   support

           0     0.8552    0.8819    0.8684       288
           1     0.8702    0.8413    0.8555       271

    accuracy                         0.8623       559
   macro avg     0.8627    0.8616    0.8620       559
weighted avg     0.8625    0.8623    0.8622       559

2026-04-09 08:17:51 INFO     Evaluation Time:[9.2 s]	  Eval Loss   = 3.5614
2026-04-09 08:17:51 INFO     acc:0.8623	precision:0.8627	recall:0.8616	f1:0.8620	
2026-04-09 08:17:51 INFO     EarlyStopping Counter: 1 out of 50. Best at epoch 7. Best acc: 0.8855
2026-04-09 08:19:12 INFO     ----------------------------------------------------Epoch 9----------------------------------------------------
2026-04-09 08:19:12 INFO     Memory Usage: Total: 95.59 GB	Used: 23.86 GB	Free: 71.73 GB
2026-04-09 08:19:12 INFO     Training Time :[81.1 s]	Training Loss = 2.6937
2026-04-09 08:19:21 INFO     Best threshold: 0.51
2026-04-09 08:19:21 INFO                   precision    recall  f1-score   support

           0     0.8964    0.8715    0.8838       288
           1     0.8674    0.8930    0.8800       271

    accuracy                         0.8819       559
   macro avg     0.8819    0.8823    0.8819       559
weighted avg     0.8823    0.8819    0.8820       559

2026-04-09 08:19:21 INFO     Evaluation Time:[9.3 s]	  Eval Loss   = 1.9246
2026-04-09 08:19:21 INFO     acc:0.8819	precision:0.8819	recall:0.8823	f1:0.8819	
2026-04-09 08:19:21 INFO     EarlyStopping Counter: 2 out of 50. Best at epoch 7. Best acc: 0.8855
2026-04-09 08:20:43 INFO     ----------------------------------------------------Epoch 10----------------------------------------------------
2026-04-09 08:20:43 INFO     Memory Usage: Total: 95.59 GB	Used: 23.86 GB	Free: 71.73 GB
2026-04-09 08:20:43 INFO     Training Time :[81.7 s]	Training Loss = 2.8447
2026-04-09 08:20:52 INFO     Best threshold: 0.9400000000000001
2026-04-09 08:20:52 INFO                   precision    recall  f1-score   support

           0     0.8822    0.9097    0.8957       288
           1     0.9008    0.8708    0.8856       271

    accuracy                         0.8909       559
   macro avg     0.8915    0.8903    0.8906       559
weighted avg     0.8912    0.8909    0.8908       559

2026-04-09 08:20:52 INFO     Evaluation Time:[9.2 s]	  Eval Loss   = 3.2367
2026-04-09 08:20:52 INFO     acc:0.8909	precision:0.8915	recall:0.8903	f1:0.8906	
2026-04-09 08:22:28 INFO     ----------------------------------------------------Epoch 11----------------------------------------------------
2026-04-09 08:22:28 INFO     Memory Usage: Total: 95.59 GB	Used: 25.16 GB	Free: 70.43 GB
2026-04-09 08:22:28 INFO     Training Time :[84.0 s]	Training Loss = 3.5345
2026-04-09 08:22:38 INFO     Best threshold: 0.48
2026-04-09 08:22:38 INFO                   precision    recall  f1-score   support

           0     0.8377    0.8785    0.8576       288
           1     0.8638    0.8192    0.8409       271

    accuracy                         0.8497       559
   macro avg     0.8508    0.8488    0.8493       559
weighted avg     0.8504    0.8497    0.8495       559

2026-04-09 08:22:38 INFO     Evaluation Time:[9.3 s]	  Eval Loss   = 4.7507
2026-04-09 08:22:38 INFO     acc:0.8497	precision:0.8508	recall:0.8488	f1:0.8493	
2026-04-09 08:22:38 INFO     EarlyStopping Counter: 1 out of 50. Best at epoch 10. Best acc: 0.8909
2026-04-09 08:24:01 INFO     ----------------------------------------------------Epoch 12----------------------------------------------------
2026-04-09 08:24:01 INFO     Memory Usage: Total: 95.59 GB	Used: 25.16 GB	Free: 70.43 GB
2026-04-09 08:24:01 INFO     Training Time :[83.5 s]	Training Loss = 2.4009
2026-04-09 08:24:10 INFO     Best threshold: 0.45
2026-04-09 08:24:10 INFO                   precision    recall  f1-score   support

           0     0.9421    0.8472    0.8921       288
           1     0.8533    0.9446    0.8967       271

    accuracy                         0.8945       559
   macro avg     0.8977    0.8959    0.8944       559
weighted avg     0.8991    0.8945    0.8943       559

2026-04-09 08:24:10 INFO     Evaluation Time:[9.2 s]	  Eval Loss   = 1.6221
2026-04-09 08:24:10 INFO     acc:0.8945	precision:0.8977	recall:0.8959	f1:0.8944	
2026-04-09 08:25:46 INFO     ----------------------------------------------------Epoch 13----------------------------------------------------
2026-04-09 08:25:46 INFO     Memory Usage: Total: 95.59 GB	Used: 25.16 GB	Free: 70.43 GB
2026-04-09 08:25:46 INFO     Training Time :[83.3 s]	Training Loss = 1.6471
2026-04-09 08:25:55 INFO     Best threshold: 0.11
2026-04-09 08:25:55 INFO                   precision    recall  f1-score   support

           0     0.9239    0.9271    0.9255       288
           1     0.9222    0.9188    0.9205       271

    accuracy                         0.9231       559
   macro avg     0.9230    0.9230    0.9230       559
weighted avg     0.9231    0.9231    0.9231       559

2026-04-09 08:25:55 INFO     Evaluation Time:[9.2 s]	  Eval Loss   = 1.6124
2026-04-09 08:25:55 INFO     acc:0.9231	precision:0.9230	recall:0.9230	f1:0.9230	
2026-04-09 08:27:31 INFO     ----------------------------------------------------Epoch 14----------------------------------------------------
2026-04-09 08:27:31 INFO     Memory Usage: Total: 95.59 GB	Used: 25.16 GB	Free: 70.43 GB
2026-04-09 08:27:31 INFO     Training Time :[83.5 s]	Training Loss = 1.3561
2026-04-09 08:27:40 INFO     Best threshold: 0.39
2026-04-09 08:27:40 INFO                   precision    recall  f1-score   support

           0     0.9189    0.9444    0.9315       288
           1     0.9392    0.9114    0.9251       271

    accuracy                         0.9284       559
   macro avg     0.9290    0.9279    0.9283       559
weighted avg     0.9287    0.9284    0.9284       559

2026-04-09 08:27:40 INFO     Evaluation Time:[9.1 s]	  Eval Loss   = 1.6477
2026-04-09 08:27:40 INFO     acc:0.9284	precision:0.9290	recall:0.9279	f1:0.9283	
2026-04-09 08:29:15 INFO     ----------------------------------------------------Epoch 15----------------------------------------------------
2026-04-09 08:29:15 INFO     Memory Usage: Total: 95.59 GB	Used: 25.16 GB	Free: 70.43 GB
2026-04-09 08:29:15 INFO     Training Time :[83.5 s]	Training Loss = 1.0020
2026-04-09 08:29:25 INFO     Best threshold: 0.24
2026-04-09 08:29:25 INFO                   precision    recall  f1-score   support

           0     0.9531    0.9167    0.9345       288
           1     0.9149    0.9520    0.9331       271

    accuracy                         0.9338       559
   macro avg     0.9340    0.9343    0.9338       559
weighted avg     0.9346    0.9338    0.9338       559

2026-04-09 08:29:25 INFO     Evaluation Time:[9.2 s]	  Eval Loss   = 1.0938
2026-04-09 08:29:25 INFO     acc:0.9338	precision:0.9340	recall:0.9343	f1:0.9338	
2026-04-09 08:31:01 INFO     ----------------------------------------------------Epoch 16----------------------------------------------------
2026-04-09 08:31:01 INFO     Memory Usage: Total: 95.59 GB	Used: 25.16 GB	Free: 70.43 GB
2026-04-09 08:31:01 INFO     Training Time :[84.2 s]	Training Loss = 1.0831
2026-04-09 08:31:10 INFO     Best threshold: 0.53
2026-04-09 08:31:10 INFO                   precision    recall  f1-score   support

           0     0.9136    0.9549    0.9338       288
           1     0.9496    0.9041    0.9263       271

    accuracy                         0.9302       559
   macro avg     0.9316    0.9295    0.9300       559
weighted avg     0.9311    0.9302    0.9301       559

2026-04-09 08:31:10 INFO     Evaluation Time:[9.2 s]	  Eval Loss   = 1.4696
2026-04-09 08:31:10 INFO     acc:0.9302	precision:0.9316	recall:0.9295	f1:0.9300	
2026-04-09 08:31:10 INFO     EarlyStopping Counter: 1 out of 50. Best at epoch 15. Best acc: 0.9338
2026-04-09 08:32:34 INFO     ----------------------------------------------------Epoch 17----------------------------------------------------
2026-04-09 08:32:34 INFO     Memory Usage: Total: 95.59 GB	Used: 25.16 GB	Free: 70.43 GB
2026-04-09 08:32:34 INFO     Training Time :[84.1 s]	Training Loss = 0.8265
2026-04-09 08:32:43 INFO     Best threshold: 0.01
2026-04-09 08:32:43 INFO                   precision    recall  f1-score   support

           0     0.8730    0.9549    0.9121       288
           1     0.9467    0.8524    0.8971       271

    accuracy                         0.9052       559
   macro avg     0.9099    0.9036    0.9046       559
weighted avg     0.9087    0.9052    0.9048       559

2026-04-09 08:32:43 INFO     Evaluation Time:[9.2 s]	  Eval Loss   = 2.363
2026-04-09 08:32:43 INFO     acc:0.9052	precision:0.9099	recall:0.9036	f1:0.9046	
2026-04-09 08:32:43 INFO     EarlyStopping Counter: 2 out of 50. Best at epoch 15. Best acc: 0.9338
2026-04-09 08:34:06 INFO     ----------------------------------------------------Epoch 18----------------------------------------------------
2026-04-09 08:34:06 INFO     Memory Usage: Total: 95.59 GB	Used: 25.16 GB	Free: 70.43 GB
2026-04-09 08:34:06 INFO     Training Time :[83.1 s]	Training Loss = 0.7441
2026-04-09 08:34:16 INFO     Best threshold: 0.34
2026-04-09 08:34:16 INFO                   precision    recall  f1-score   support

           0     0.9310    0.9375    0.9343       288
           1     0.9331    0.9262    0.9296       271

    accuracy                         0.9320       559
   macro avg     0.9321    0.9318    0.9319       559
weighted avg     0.9320    0.9320    0.9320       559

2026-04-09 08:34:16 INFO     Evaluation Time:[9.2 s]	  Eval Loss   = 1.0773
2026-04-09 08:34:16 INFO     acc:0.9320	precision:0.9321	recall:0.9318	f1:0.9319	
2026-04-09 08:34:16 INFO     EarlyStopping Counter: 3 out of 50. Best at epoch 15. Best acc: 0.9338
2026-04-09 08:35:39 INFO     ----------------------------------------------------Epoch 19----------------------------------------------------
2026-04-09 08:35:39 INFO     Memory Usage: Total: 95.59 GB	Used: 25.16 GB	Free: 70.43 GB
2026-04-09 08:35:39 INFO     Training Time :[83.3 s]	Training Loss = 0.5017
2026-04-09 08:35:48 INFO     Best threshold: 0.05
2026-04-09 08:35:48 INFO                   precision    recall  f1-score   support

           0     0.9613    0.9479    0.9545       288
           1     0.9455    0.9594    0.9524       271

    accuracy                         0.9535       559
   macro avg     0.9534    0.9537    0.9535       559
weighted avg     0.9536    0.9535    0.9535       559

2026-04-09 08:35:48 INFO     Evaluation Time:[9.2 s]	  Eval Loss   = 0.9159
2026-04-09 08:35:48 INFO     acc:0.9535	precision:0.9534	recall:0.9537	f1:0.9535	
2026-04-09 08:37:24 INFO     ----------------------------------------------------Epoch 20----------------------------------------------------
2026-04-09 08:37:24 INFO     Memory Usage: Total: 95.59 GB	Used: 25.16 GB	Free: 70.43 GB
2026-04-09 08:37:24 INFO     Training Time :[84.0 s]	Training Loss = 0.4449
2026-04-09 08:37:33 INFO     Best threshold: 0.12
2026-04-09 08:37:33 INFO                   precision    recall  f1-score   support

           0     0.9441    0.9375    0.9408       288
           1     0.9341    0.9410    0.9375       271

    accuracy                         0.9392       559
   macro avg     0.9391    0.9392    0.9391       559
weighted avg     0.9392    0.9392    0.9392       559

2026-04-09 08:37:33 INFO     Evaluation Time:[9.2 s]	  Eval Loss   = 1.3272
2026-04-09 08:37:33 INFO     acc:0.9392	precision:0.9391	recall:0.9392	f1:0.9391	
2026-04-09 08:37:33 INFO     EarlyStopping Counter: 1 out of 50. Best at epoch 19. Best acc: 0.9535
2026-04-09 08:38:57 INFO     ----------------------------------------------------Epoch 21----------------------------------------------------
2026-04-09 08:38:57 INFO     Memory Usage: Total: 95.59 GB	Used: 25.16 GB	Free: 70.43 GB
2026-04-09 08:38:57 INFO     Training Time :[83.4 s]	Training Loss = 2.4061
2026-04-09 08:39:06 INFO     Best threshold: 0.12
2026-04-09 08:39:06 INFO                   precision    recall  f1-score   support

           0     0.6978    0.7778    0.7356       288
           1     0.7311    0.6421    0.6837       271

    accuracy                         0.7120       559
   macro avg     0.7145    0.7099    0.7097       559
weighted avg     0.7139    0.7120    0.7105       559

2026-04-09 08:39:06 INFO     Evaluation Time:[9.1 s]	  Eval Loss   = 69.4798
2026-04-09 08:39:06 INFO     acc:0.7120	precision:0.7145	recall:0.7099	f1:0.7097	
2026-04-09 08:39:06 INFO     EarlyStopping Counter: 2 out of 50. Best at epoch 19. Best acc: 0.9535
2026-04-09 08:40:29 INFO     ----------------------------------------------------Epoch 22----------------------------------------------------
2026-04-09 08:40:29 INFO     Memory Usage: Total: 95.59 GB	Used: 25.16 GB	Free: 70.43 GB
2026-04-09 08:40:29 INFO     Training Time :[83.2 s]	Training Loss = 1.5921
2026-04-09 08:40:38 INFO     Best threshold: 0.46
2026-04-09 08:40:38 INFO                   precision    recall  f1-score   support

           0     0.9636    0.9201    0.9414       288
           1     0.9190    0.9631    0.9405       271

    accuracy                         0.9410       559
   macro avg     0.9413    0.9416    0.9410       559
weighted avg     0.9420    0.9410    0.9410       559

2026-04-09 08:40:38 INFO     Evaluation Time:[9.1 s]	  Eval Loss   = 1.5597
2026-04-09 08:40:38 INFO     acc:0.9410	precision:0.9413	recall:0.9416	f1:0.9410	
2026-04-09 08:40:38 INFO     EarlyStopping Counter: 3 out of 50. Best at epoch 19. Best acc: 0.9535
2026-04-09 08:42:02 INFO     ----------------------------------------------------Epoch 23----------------------------------------------------
2026-04-09 08:42:02 INFO     Memory Usage: Total: 95.59 GB	Used: 25.16 GB	Free: 70.43 GB
2026-04-09 08:42:02 INFO     Training Time :[83.4 s]	Training Loss = 0.3919
2026-04-09 08:42:11 INFO     Best threshold: 0.43
2026-04-09 08:42:11 INFO                   precision    recall  f1-score   support

           0     0.9446    0.9479    0.9463       288
           1     0.9444    0.9410    0.9427       271

    accuracy                         0.9445       559
   macro avg     0.9445    0.9444    0.9445       559
weighted avg     0.9445    0.9445    0.9445       559

2026-04-09 08:42:11 INFO     Evaluation Time:[9.2 s]	  Eval Loss   = 1.1196
2026-04-09 08:42:11 INFO     acc:0.9445	precision:0.9445	recall:0.9444	f1:0.9445	
2026-04-09 08:42:11 INFO     EarlyStopping Counter: 4 out of 50. Best at epoch 19. Best acc: 0.9535
2026-04-09 08:43:34 INFO     ----------------------------------------------------Epoch 24----------------------------------------------------
2026-04-09 08:43:34 INFO     Memory Usage: Total: 95.59 GB	Used: 25.16 GB	Free: 70.43 GB
2026-04-09 08:43:34 INFO     Training Time :[83.1 s]	Training Loss = 0.3523
2026-04-09 08:43:43 INFO     Best threshold: 0.14
2026-04-09 08:43:43 INFO                   precision    recall  f1-score   support

           0     0.9381    0.9479    0.9430       288
           1     0.9440    0.9336    0.9388       271

    accuracy                         0.9410       559
   macro avg     0.9411    0.9407    0.9409       559
weighted avg     0.9410    0.9410    0.9410       559

2026-04-09 08:43:43 INFO     Evaluation Time:[9.0 s]	  Eval Loss   = 1.0238
2026-04-09 08:43:43 INFO     acc:0.9410	precision:0.9411	recall:0.9407	f1:0.9409	
2026-04-09 08:43:43 INFO     EarlyStopping Counter: 5 out of 50. Best at epoch 19. Best acc: 0.9535
2026-04-09 08:45:06 INFO     ----------------------------------------------------Epoch 25----------------------------------------------------
2026-04-09 08:45:06 INFO     Memory Usage: Total: 95.59 GB	Used: 25.16 GB	Free: 70.43 GB
2026-04-09 08:45:06 INFO     Training Time :[83.1 s]	Training Loss = 0.2135
2026-04-09 08:45:15 INFO     Best threshold: 0.1
2026-04-09 08:45:15 INFO                   precision    recall  f1-score   support

           0     0.9815    0.9201    0.9498       288
           1     0.9204    0.9815    0.9500       271

    accuracy                         0.9499       559
   macro avg     0.9509    0.9508    0.9499       559
weighted avg     0.9519    0.9499    0.9499       559

2026-04-09 08:45:15 INFO     Evaluation Time:[9.1 s]	  Eval Loss   = 1.2134
2026-04-09 08:45:15 INFO     acc:0.9499	precision:0.9509	recall:0.9508	f1:0.9499	
2026-04-09 08:45:15 INFO     EarlyStopping Counter: 6 out of 50. Best at epoch 19. Best acc: 0.9535
2026-04-09 08:46:39 INFO     ----------------------------------------------------Epoch 26----------------------------------------------------
2026-04-09 08:46:39 INFO     Memory Usage: Total: 95.59 GB	Used: 25.16 GB	Free: 70.43 GB
2026-04-09 08:46:39 INFO     Training Time :[83.9 s]	Training Loss = 0.1942
2026-04-09 08:46:48 INFO     Best threshold: 0.9
2026-04-09 08:46:48 INFO                   precision    recall  f1-score   support

           0     0.9676    0.9340    0.9505       288
           1     0.9324    0.9668    0.9493       271

    accuracy                         0.9499       559
   macro avg     0.9500    0.9504    0.9499       559
weighted avg     0.9505    0.9499    0.9499       559

2026-04-09 08:46:48 INFO     Evaluation Time:[9.1 s]	  Eval Loss   = 1.2234
2026-04-09 08:46:48 INFO     acc:0.9499	precision:0.9500	recall:0.9504	f1:0.9499	
2026-04-09 08:46:48 INFO     EarlyStopping Counter: 7 out of 50. Best at epoch 19. Best acc: 0.9535
2026-04-09 08:48:12 INFO     ----------------------------------------------------Epoch 27----------------------------------------------------
2026-04-09 08:48:12 INFO     Memory Usage: Total: 95.59 GB	Used: 25.16 GB	Free: 70.43 GB
2026-04-09 08:48:12 INFO     Training Time :[84.0 s]	Training Loss = 0.1516
2026-04-09 08:48:21 INFO     Best threshold: 0.01
2026-04-09 08:48:21 INFO                   precision    recall  f1-score   support

           0     0.9481    0.9514    0.9497       288
           1     0.9481    0.9446    0.9464       271

    accuracy                         0.9481       559
   macro avg     0.9481    0.9480    0.9481       559
weighted avg     0.9481    0.9481    0.9481       559

2026-04-09 08:48:21 INFO     Evaluation Time:[9.2 s]	  Eval Loss   = 1.4172
2026-04-09 08:48:21 INFO     acc:0.9481	precision:0.9481	recall:0.9480	f1:0.9481	
2026-04-09 08:48:21 INFO     EarlyStopping Counter: 8 out of 50. Best at epoch 19. Best acc: 0.9535
2026-04-09 08:49:46 INFO     ----------------------------------------------------Epoch 28----------------------------------------------------
2026-04-09 08:49:46 INFO     Memory Usage: Total: 95.59 GB	Used: 25.16 GB	Free: 70.43 GB
2026-04-09 08:49:46 INFO     Training Time :[84.1 s]	Training Loss = 0.1190
2026-04-09 08:49:55 INFO     Best threshold: 0.37
2026-04-09 08:49:55 INFO                   precision    recall  f1-score   support

           0     0.9642    0.9340    0.9489       288
           1     0.9321    0.9631    0.9474       271

    accuracy                         0.9481       559
   macro avg     0.9482    0.9486    0.9481       559
weighted avg     0.9486    0.9481    0.9481       559

2026-04-09 08:49:55 INFO     Evaluation Time:[9.2 s]	  Eval Loss   = 1.4764
2026-04-09 08:49:55 INFO     acc:0.9481	precision:0.9482	recall:0.9486	f1:0.9481	
2026-04-09 08:49:55 INFO     EarlyStopping Counter: 9 out of 50. Best at epoch 19. Best acc: 0.9535
2026-04-09 08:51:19 INFO     ----------------------------------------------------Epoch 29----------------------------------------------------
2026-04-09 08:51:19 INFO     Memory Usage: Total: 95.59 GB	Used: 25.16 GB	Free: 70.43 GB
2026-04-09 08:51:19 INFO     Training Time :[83.8 s]	Training Loss = 0.0947
2026-04-09 08:51:28 INFO     Best threshold: 0.48
2026-04-09 08:51:28 INFO                   precision    recall  f1-score   support

           0     0.9454    0.9618    0.9535       288
           1     0.9586    0.9410    0.9497       271

    accuracy                         0.9517       559
   macro avg     0.9520    0.9514    0.9516       559
weighted avg     0.9518    0.9517    0.9517       559

2026-04-09 08:51:28 INFO     Evaluation Time:[9.1 s]	  Eval Loss   = 1.3154
2026-04-09 08:51:28 INFO     acc:0.9517	precision:0.9520	recall:0.9514	f1:0.9516	
2026-04-09 08:51:28 INFO     EarlyStopping Counter: 10 out of 50. Best at epoch 19. Best acc: 0.9535
2026-04-09 08:52:51 INFO     ----------------------------------------------------Epoch 30----------------------------------------------------
2026-04-09 08:52:51 INFO     Memory Usage: Total: 95.59 GB	Used: 25.16 GB	Free: 70.43 GB
2026-04-09 08:52:51 INFO     Training Time :[83.6 s]	Training Loss = 0.0892
2026-04-09 08:53:00 INFO     Best threshold: 0.12
2026-04-09 08:53:00 INFO                   precision    recall  f1-score   support

           0     0.9606    0.9306    0.9453       288
           1     0.9286    0.9594    0.9437       271

    accuracy                         0.9445       559
   macro avg     0.9446    0.9450    0.9445       559
weighted avg     0.9451    0.9445    0.9446       559

2026-04-09 08:53:00 INFO     Evaluation Time:[9.2 s]	  Eval Loss   = 1.3635
2026-04-09 08:53:00 INFO     acc:0.9445	precision:0.9446	recall:0.9450	f1:0.9445	
2026-04-09 08:53:00 INFO     EarlyStopping Counter: 11 out of 50. Best at epoch 19. Best acc: 0.9535
2026-04-09 08:54:24 INFO     ----------------------------------------------------Epoch 31----------------------------------------------------
2026-04-09 08:54:24 INFO     Memory Usage: Total: 95.59 GB	Used: 25.16 GB	Free: 70.43 GB
2026-04-09 08:54:24 INFO     Training Time :[83.5 s]	Training Loss = 0.0698
2026-04-09 08:54:33 INFO     Best threshold: 0.91
2026-04-09 08:54:33 INFO                   precision    recall  f1-score   support

           0     0.9458    0.9688    0.9571       288
           1     0.9659    0.9410    0.9533       271

    accuracy                         0.9553       559
   macro avg     0.9558    0.9549    0.9552       559
weighted avg     0.9555    0.9553    0.9553       559

2026-04-09 08:54:33 INFO     Evaluation Time:[9.2 s]	  Eval Loss   = 1.4532
2026-04-09 08:54:33 INFO     acc:0.9553	precision:0.9558	recall:0.9549	f1:0.9552	
2026-04-09 08:56:08 INFO     ----------------------------------------------------Epoch 32----------------------------------------------------
2026-04-09 08:56:08 INFO     Memory Usage: Total: 95.59 GB	Used: 25.16 GB	Free: 70.43 GB
2026-04-09 08:56:08 INFO     Training Time :[83.2 s]	Training Loss = 0.0593
2026-04-09 08:56:17 INFO     Best threshold: 0.01
2026-04-09 08:56:17 INFO                   precision    recall  f1-score   support

           0     0.9745    0.9306    0.9520       288
           1     0.9296    0.9742    0.9514       271

    accuracy                         0.9517       559
   macro avg     0.9521    0.9524    0.9517       559
weighted avg     0.9527    0.9517    0.9517       559

2026-04-09 08:56:17 INFO     Evaluation Time:[9.1 s]	  Eval Loss   = 1.589
2026-04-09 08:56:17 INFO     acc:0.9517	precision:0.9521	recall:0.9524	f1:0.9517	
2026-04-09 08:56:17 INFO     EarlyStopping Counter: 1 out of 50. Best at epoch 31. Best acc: 0.9553
2026-04-09 08:57:40 INFO     ----------------------------------------------------Epoch 33----------------------------------------------------
2026-04-09 08:57:40 INFO     Memory Usage: Total: 95.59 GB	Used: 25.16 GB	Free: 70.43 GB
2026-04-09 08:57:40 INFO     Training Time :[82.9 s]	Training Loss = 0.0465
2026-04-09 08:57:49 INFO     Best threshold: 0.01
2026-04-09 08:57:49 INFO                   precision    recall  f1-score   support

           0     0.9555    0.9688    0.9621       288
           1     0.9663    0.9520    0.9591       271

    accuracy                         0.9606       559
   macro avg     0.9609    0.9604    0.9606       559
weighted avg     0.9607    0.9606    0.9606       559

2026-04-09 08:57:49 INFO     Evaluation Time:[9.1 s]	  Eval Loss   = 1.9276
2026-04-09 08:57:49 INFO     acc:0.9606	precision:0.9609	recall:0.9604	f1:0.9606	
2026-04-09 08:59:25 INFO     ----------------------------------------------------Epoch 34----------------------------------------------------
2026-04-09 08:59:25 INFO     Memory Usage: Total: 95.59 GB	Used: 25.16 GB	Free: 70.43 GB
2026-04-09 08:59:25 INFO     Training Time :[83.2 s]	Training Loss = 0.0461
2026-04-09 08:59:34 INFO     Best threshold: 0.89
2026-04-09 08:59:34 INFO                   precision    recall  f1-score   support

           0     0.9396    0.9722    0.9556       288
           1     0.9693    0.9336    0.9511       271

    accuracy                         0.9535       559
   macro avg     0.9545    0.9529    0.9534       559
weighted avg     0.9540    0.9535    0.9534       559

2026-04-09 08:59:34 INFO     Evaluation Time:[9.1 s]	  Eval Loss   = 1.8755
2026-04-09 08:59:34 INFO     acc:0.9535	precision:0.9545	recall:0.9529	f1:0.9534	
2026-04-09 08:59:34 INFO     EarlyStopping Counter: 1 out of 50. Best at epoch 33. Best acc: 0.9606
2026-04-09 09:00:57 INFO     ----------------------------------------------------Epoch 35----------------------------------------------------
2026-04-09 09:00:57 INFO     Memory Usage: Total: 95.59 GB	Used: 25.16 GB	Free: 70.43 GB
2026-04-09 09:00:57 INFO     Training Time :[83.3 s]	Training Loss = 0.0426
2026-04-09 09:01:06 INFO     Best threshold: 0.99
2026-04-09 09:01:06 INFO                   precision    recall  f1-score   support

           0     0.9680    0.9444    0.9561       288
           1     0.9424    0.9668    0.9545       271

    accuracy                         0.9553       559
   macro avg     0.9552    0.9556    0.9553       559
weighted avg     0.9556    0.9553    0.9553       559

2026-04-09 09:01:06 INFO     Evaluation Time:[9.2 s]	  Eval Loss   = 1.8406
2026-04-09 09:01:06 INFO     acc:0.9553	precision:0.9552	recall:0.9556	f1:0.9553	
2026-04-09 09:01:06 INFO     EarlyStopping Counter: 2 out of 50. Best at epoch 33. Best acc: 0.9606
2026-04-09 09:02:30 INFO     ----------------------------------------------------Epoch 36----------------------------------------------------
2026-04-09 09:02:30 INFO     Memory Usage: Total: 95.59 GB	Used: 25.16 GB	Free: 70.43 GB
2026-04-09 09:02:30 INFO     Training Time :[83.5 s]	Training Loss = 0.0347
2026-04-09 09:02:39 INFO     Best threshold: 0.15
2026-04-09 09:02:39 INFO                   precision    recall  f1-score   support

           0     0.9781    0.9306    0.9537       288
           1     0.9298    0.9779    0.9532       271

    accuracy                         0.9535       559
   macro avg     0.9540    0.9542    0.9535       559
weighted avg     0.9547    0.9535    0.9535       559

2026-04-09 09:02:39 INFO     Evaluation Time:[9.3 s]	  Eval Loss   = 1.9248
2026-04-09 09:02:39 INFO     acc:0.9535	precision:0.9540	recall:0.9542	f1:0.9535	
2026-04-09 09:02:39 INFO     EarlyStopping Counter: 3 out of 50. Best at epoch 33. Best acc: 0.9606
2026-04-09 09:04:03 INFO     ----------------------------------------------------Epoch 37----------------------------------------------------
2026-04-09 09:04:03 INFO     Memory Usage: Total: 95.59 GB	Used: 25.16 GB	Free: 70.43 GB
2026-04-09 09:04:03 INFO     Training Time :[83.9 s]	Training Loss = 0.0330
2026-04-09 09:04:12 INFO     Best threshold: 0.09
2026-04-09 09:04:12 INFO                   precision    recall  f1-score   support

           0     0.9681    0.9479    0.9579       288
           1     0.9458    0.9668    0.9562       271

    accuracy                         0.9571       559
   macro avg     0.9570    0.9574    0.9570       559
weighted avg     0.9573    0.9571    0.9571       559

2026-04-09 09:04:12 INFO     Evaluation Time:[9.3 s]	  Eval Loss   = 1.6717
2026-04-09 09:04:12 INFO     acc:0.9571	precision:0.9570	recall:0.9574	f1:0.9570	
2026-04-09 09:04:12 INFO     EarlyStopping Counter: 4 out of 50. Best at epoch 33. Best acc: 0.9606
2026-04-09 09:05:36 INFO     ----------------------------------------------------Epoch 38----------------------------------------------------
2026-04-09 09:05:36 INFO     Memory Usage: Total: 95.59 GB	Used: 25.16 GB	Free: 70.43 GB
2026-04-09 09:05:36 INFO     Training Time :[84.0 s]	Training Loss = 0.0185
2026-04-09 09:05:46 INFO     Best threshold: 0.66
2026-04-09 09:05:46 INFO                   precision    recall  f1-score   support

           0     0.9648    0.9514    0.9580       288
           1     0.9491    0.9631    0.9560       271

    accuracy                         0.9571       559
   macro avg     0.9569    0.9572    0.9570       559
weighted avg     0.9572    0.9571    0.9571       559

2026-04-09 09:05:46 INFO     Evaluation Time:[9.1 s]	  Eval Loss   = 1.914
2026-04-09 09:05:46 INFO     acc:0.9571	precision:0.9569	recall:0.9572	f1:0.9570	
2026-04-09 09:05:46 INFO     EarlyStopping Counter: 5 out of 50. Best at epoch 33. Best acc: 0.9606
2026-04-09 09:07:09 INFO     ----------------------------------------------------Epoch 39----------------------------------------------------
2026-04-09 09:07:09 INFO     Memory Usage: Total: 95.59 GB	Used: 25.16 GB	Free: 70.43 GB
2026-04-09 09:07:09 INFO     Training Time :[83.0 s]	Training Loss = 0.0197
2026-04-09 09:07:18 INFO     Best threshold: 0.01
2026-04-09 09:07:18 INFO                   precision    recall  f1-score   support

           0     0.9547    0.9514    0.9530       288
           1     0.9485    0.9520    0.9503       271

    accuracy                         0.9517       559
   macro avg     0.9516    0.9517    0.9517       559
weighted avg     0.9517    0.9517    0.9517       559

2026-04-09 09:07:18 INFO     Evaluation Time:[9.1 s]	  Eval Loss   = 2.052
2026-04-09 09:07:18 INFO     acc:0.9517	precision:0.9516	recall:0.9517	f1:0.9517	
2026-04-09 09:07:18 INFO     EarlyStopping Counter: 6 out of 50. Best at epoch 33. Best acc: 0.9606
2026-04-09 09:08:41 INFO     ----------------------------------------------------Epoch 40----------------------------------------------------
2026-04-09 09:08:41 INFO     Memory Usage: Total: 95.59 GB	Used: 25.16 GB	Free: 70.43 GB
2026-04-09 09:08:41 INFO     Training Time :[83.0 s]	Training Loss = 0.0170
2026-04-09 09:08:50 INFO     Best threshold: 0.01
2026-04-09 09:08:50 INFO                   precision    recall  f1-score   support

           0     0.9585    0.9618    0.9601       288
           1     0.9593    0.9557    0.9575       271

    accuracy                         0.9589       559
   macro avg     0.9589    0.9588    0.9588       559
weighted avg     0.9589    0.9589    0.9589       559

2026-04-09 09:08:50 INFO     Evaluation Time:[9.1 s]	  Eval Loss   = 2.059
2026-04-09 09:08:50 INFO     acc:0.9589	precision:0.9589	recall:0.9588	f1:0.9588	
2026-04-09 09:08:50 INFO     EarlyStopping Counter: 7 out of 50. Best at epoch 33. Best acc: 0.9606
2026-04-09 09:10:13 INFO     ----------------------------------------------------Epoch 41----------------------------------------------------
2026-04-09 09:10:13 INFO     Memory Usage: Total: 95.59 GB	Used: 25.16 GB	Free: 70.43 GB
2026-04-09 09:10:13 INFO     Training Time :[83.2 s]	Training Loss = 0.0223
2026-04-09 09:10:22 INFO     Best threshold: 0.84
2026-04-09 09:10:22 INFO                   precision    recall  f1-score   support

           0     0.9586    0.9653    0.9619       288
           1     0.9628    0.9557    0.9593       271

    accuracy                         0.9606       559
   macro avg     0.9607    0.9605    0.9606       559
weighted avg     0.9607    0.9606    0.9606       559

2026-04-09 09:10:22 INFO     Evaluation Time:[9.1 s]	  Eval Loss   = 1.8243
2026-04-09 09:10:22 INFO     acc:0.9606	precision:0.9607	recall:0.9605	f1:0.9606	
2026-04-09 09:10:22 INFO     EarlyStopping Counter: 8 out of 50. Best at epoch 33. Best acc: 0.9606
2026-04-09 09:11:45 INFO     ----------------------------------------------------Epoch 42----------------------------------------------------
2026-04-09 09:11:45 INFO     Memory Usage: Total: 95.59 GB	Used: 25.16 GB	Free: 70.43 GB
2026-04-09 09:11:45 INFO     Training Time :[83.1 s]	Training Loss = 0.0184
2026-04-09 09:11:54 INFO     Best threshold: 0.37
2026-04-09 09:11:54 INFO                   precision    recall  f1-score   support

           0     0.9490    0.9688    0.9588       288
           1     0.9660    0.9446    0.9552       271

    accuracy                         0.9571       559
   macro avg     0.9575    0.9567    0.9570       559
weighted avg     0.9572    0.9571    0.9570       559

2026-04-09 09:11:54 INFO     Evaluation Time:[9.1 s]	  Eval Loss   = 1.8677
2026-04-09 09:11:54 INFO     acc:0.9571	precision:0.9575	recall:0.9567	f1:0.9570	
2026-04-09 09:11:54 INFO     EarlyStopping Counter: 9 out of 50. Best at epoch 33. Best acc: 0.9606
2026-04-09 09:13:17 INFO     ----------------------------------------------------Epoch 43----------------------------------------------------
2026-04-09 09:13:17 INFO     Memory Usage: Total: 95.59 GB	Used: 25.16 GB	Free: 70.43 GB
2026-04-09 09:13:17 INFO     Training Time :[83.0 s]	Training Loss = 0.0205
2026-04-09 09:13:26 INFO     Best threshold: 0.55
2026-04-09 09:13:26 INFO                   precision    recall  f1-score   support

           0     0.9552    0.9618    0.9585       288
           1     0.9591    0.9520    0.9556       271

    accuracy                         0.9571       559
   macro avg     0.9571    0.9569    0.9570       559
weighted avg     0.9571    0.9571    0.9571       559

2026-04-09 09:13:26 INFO     Evaluation Time:[9.1 s]	  Eval Loss   = 1.865
2026-04-09 09:13:26 INFO     acc:0.9571	precision:0.9571	recall:0.9569	f1:0.9570	
2026-04-09 09:13:26 INFO     EarlyStopping Counter: 10 out of 50. Best at epoch 33. Best acc: 0.9606
2026-04-09 09:14:50 INFO     ----------------------------------------------------Epoch 44----------------------------------------------------
2026-04-09 09:14:50 INFO     Memory Usage: Total: 95.59 GB	Used: 25.16 GB	Free: 70.43 GB
2026-04-09 09:14:50 INFO     Training Time :[83.4 s]	Training Loss = 0.0154
2026-04-09 09:14:59 INFO     Best threshold: 0.09
2026-04-09 09:14:59 INFO                   precision    recall  f1-score   support

           0     0.9618    0.9618    0.9618       288
           1     0.9594    0.9594    0.9594       271

    accuracy                         0.9606       559
   macro avg     0.9606    0.9606    0.9606       559
weighted avg     0.9606    0.9606    0.9606       559

2026-04-09 09:14:59 INFO     Evaluation Time:[9.2 s]	  Eval Loss   = 1.8279
2026-04-09 09:14:59 INFO     acc:0.9606	precision:0.9606	recall:0.9606	f1:0.9606	
2026-04-09 09:14:59 INFO     EarlyStopping Counter: 11 out of 50. Best at epoch 33. Best acc: 0.9606
2026-04-09 09:16:22 INFO     ----------------------------------------------------Epoch 45----------------------------------------------------
2026-04-09 09:16:22 INFO     Memory Usage: Total: 95.59 GB	Used: 25.16 GB	Free: 70.43 GB
2026-04-09 09:16:22 INFO     Training Time :[83.4 s]	Training Loss = 0.0146
2026-04-09 09:16:32 INFO     Best threshold: 0.76
2026-04-09 09:16:32 INFO                   precision    recall  f1-score   support

           0     0.9653    0.9653    0.9653       288
           1     0.9631    0.9631    0.9631       271

    accuracy                         0.9642       559
   macro avg     0.9642    0.9642    0.9642       559
weighted avg     0.9642    0.9642    0.9642       559

2026-04-09 09:16:32 INFO     Evaluation Time:[9.1 s]	  Eval Loss   = 1.6418
2026-04-09 09:16:32 INFO     acc:0.9642	precision:0.9642	recall:0.9642	f1:0.9642	
2026-04-09 09:18:07 INFO     ----------------------------------------------------Epoch 46----------------------------------------------------
2026-04-09 09:18:07 INFO     Memory Usage: Total: 95.59 GB	Used: 25.16 GB	Free: 70.43 GB
2026-04-09 09:18:07 INFO     Training Time :[83.7 s]	Training Loss = 0.0124
2026-04-09 09:18:17 INFO     Best threshold: 0.07
2026-04-09 09:18:17 INFO                   precision    recall  f1-score   support

           0     0.9649    0.9549    0.9599       288
           1     0.9526    0.9631    0.9578       271

    accuracy                         0.9589       559
   macro avg     0.9587    0.9590    0.9588       559
weighted avg     0.9589    0.9589    0.9589       559

2026-04-09 09:18:17 INFO     Evaluation Time:[9.3 s]	  Eval Loss   = 1.7735
2026-04-09 09:18:17 INFO     acc:0.9589	precision:0.9587	recall:0.9590	f1:0.9588	
2026-04-09 09:18:17 INFO     EarlyStopping Counter: 1 out of 50. Best at epoch 45. Best acc: 0.9642
2026-04-09 09:19:41 INFO     ----------------------------------------------------Epoch 47----------------------------------------------------
2026-04-09 09:19:41 INFO     Memory Usage: Total: 95.59 GB	Used: 25.16 GB	Free: 70.43 GB
2026-04-09 09:19:41 INFO     Training Time :[84.0 s]	Training Loss = 0.0091
2026-04-09 09:19:50 INFO     Best threshold: 0.02
2026-04-09 09:19:50 INFO                   precision    recall  f1-score   support

           0     0.9682    0.9514    0.9597       288
           1     0.9493    0.9668    0.9580       271

    accuracy                         0.9589       559
   macro avg     0.9587    0.9591    0.9588       559
weighted avg     0.9590    0.9589    0.9589       559

2026-04-09 09:19:50 INFO     Evaluation Time:[9.2 s]	  Eval Loss   = 1.8393
2026-04-09 09:19:50 INFO     acc:0.9589	precision:0.9587	recall:0.9591	f1:0.9588	
2026-04-09 09:19:50 INFO     EarlyStopping Counter: 2 out of 50. Best at epoch 45. Best acc: 0.9642
2026-04-09 09:21:13 INFO     ----------------------------------------------------Epoch 48----------------------------------------------------
2026-04-09 09:21:13 INFO     Memory Usage: Total: 95.59 GB	Used: 25.16 GB	Free: 70.43 GB
2026-04-09 09:21:13 INFO     Training Time :[83.1 s]	Training Loss = 0.0091
2026-04-09 09:21:22 INFO     Best threshold: 0.6
2026-04-09 09:21:22 INFO                   precision    recall  f1-score   support

           0     0.9652    0.9618    0.9635       288
           1     0.9596    0.9631    0.9613       271

    accuracy                         0.9624       559
   macro avg     0.9624    0.9625    0.9624       559
weighted avg     0.9624    0.9624    0.9624       559

2026-04-09 09:21:22 INFO     Evaluation Time:[9.2 s]	  Eval Loss   = 1.7202
2026-04-09 09:21:22 INFO     acc:0.9624	precision:0.9624	recall:0.9625	f1:0.9624	
2026-04-09 09:21:22 INFO     EarlyStopping Counter: 3 out of 50. Best at epoch 45. Best acc: 0.9642
2026-04-09 09:22:45 INFO     ----------------------------------------------------Epoch 49----------------------------------------------------
2026-04-09 09:22:45 INFO     Memory Usage: Total: 95.59 GB	Used: 25.16 GB	Free: 70.43 GB
2026-04-09 09:22:45 INFO     Training Time :[83.1 s]	Training Loss = 0.0069
2026-04-09 09:22:54 INFO     Best threshold: 0.96
2026-04-09 09:22:54 INFO                   precision    recall  f1-score   support

           0     0.9521    0.9653    0.9586       288
           1     0.9625    0.9483    0.9554       271

    accuracy                         0.9571       559
   macro avg     0.9573    0.9568    0.9570       559
weighted avg     0.9571    0.9571    0.9571       559

2026-04-09 09:22:54 INFO     Evaluation Time:[9.2 s]	  Eval Loss   = 1.8453
2026-04-09 09:22:54 INFO     acc:0.9571	precision:0.9573	recall:0.9568	f1:0.9570	
2026-04-09 09:22:54 INFO     EarlyStopping Counter: 4 out of 50. Best at epoch 45. Best acc: 0.9642
2026-04-09 09:24:18 INFO     ----------------------------------------------------Epoch 50----------------------------------------------------
2026-04-09 09:24:18 INFO     Memory Usage: Total: 95.59 GB	Used: 25.16 GB	Free: 70.43 GB
2026-04-09 09:24:18 INFO     Training Time :[83.3 s]	Training Loss = 0.0038
2026-04-09 09:24:27 INFO     Best threshold: 0.9
2026-04-09 09:24:27 INFO                   precision    recall  f1-score   support

           0     0.9585    0.9618    0.9601       288
           1     0.9593    0.9557    0.9575       271

    accuracy                         0.9589       559
   macro avg     0.9589    0.9588    0.9588       559
weighted avg     0.9589    0.9589    0.9589       559

2026-04-09 09:24:27 INFO     Evaluation Time:[9.1 s]	  Eval Loss   = 1.8432
2026-04-09 09:24:27 INFO     acc:0.9589	precision:0.9589	recall:0.9588	f1:0.9588	
2026-04-09 09:24:27 INFO     EarlyStopping Counter: 5 out of 50. Best at epoch 45. Best acc: 0.9642
2026-04-09 09:24:27 INFO     ------------------------------------------------Best Evaluation------------------------------------------------
2026-04-09 09:24:27 INFO     Best Result at Epoch: 45	 Early Stop at Patience: 50
2026-04-09 09:24:27 INFO     acc:0.9642	precision:0.9642	recall:0.9642	f1:0.9642	
2026-04-09 09:24:36 INFO     Best threshold: 0.73
2026-04-09 09:24:36 INFO                   precision    recall  f1-score   support

           0     0.9653    0.9653    0.9653       288
           1     0.9631    0.9631    0.9631       271

    accuracy                         0.9642       559
   macro avg     0.9642    0.9642    0.9642       559
weighted avg     0.9642    0.9642    0.9642       559

2026-04-09 09:24:45 INFO     Best threshold: 0.76
2026-04-09 09:24:45 INFO                   precision    recall  f1-score   support

           0     0.9619    0.9653    0.9636       288
           1     0.9630    0.9594    0.9612       271

    accuracy                         0.9624       559
   macro avg     0.9625    0.9623    0.9624       559
weighted avg     0.9624    0.9624    0.9624       559

2026-04-09 09:24:45 INFO     -----------------------------------------------------Test Results------------------------------------------------------
2026-04-09 09:24:45 INFO     acc:0.9624	precision:0.9625	recall:0.9623	f1:0.9624	
2026-04-09 09:24:45 INFO                   precision    recall  f1-score   support

           0     0.9619    0.9653    0.9636       288
           1     0.9630    0.9594    0.9612       271

    accuracy                         0.9624       559
   macro avg     0.9625    0.9623    0.9624       559
weighted avg     0.9624    0.9624    0.9624       559

